<html>
<body>
<pre>
<h1>礦ision Build Log</h1>
<h2>Tool Versions:</h2>
IDE-Version: μVision V5.25.2.0
Copyright (C) 2018 ARM Ltd and ARM Germany GmbH. All rights reserved.
License Information: shenm shen, asdasd, LIC=03CSB-260NN-1PLZ5-G07IR-ZHPE5-6M8T8
 
Tool Versions:
Toolchain:       MDK-ARM Plus  Version: 5.25.2.0
Toolchain Path:  D:\Study App\keil\anzhuang\ARM\ARMCC\Bin
C Compiler:      Armcc.exe V5.06 update 6 (build 750)
Assembler:       Armasm.exe V5.06 update 6 (build 750)
Linker/Locator:  ArmLink.exe V5.06 update 6 (build 750)
Library Manager: ArmAr.exe V5.06 update 6 (build 750)
Hex Converter:   FromElf.exe V5.06 update 6 (build 750)
CPU DLL:         SARMCM3.DLL V5.25.2.0
Dialog DLL:      DCM.DLL V1.17.1.0
Target DLL:      STLink\ST-LINKIII-KEIL_SWO.dll V3.0.1.0
Dialog DLL:      TCM.DLL V1.35.1.0
 
<h2>Project:</h2>
C:\Users\Administrator\Desktop\手环\智能手环.uvprojx
Project File Date:  10/19/2018

<h2>Output:</h2>
*** Using Compiler 'V5.06 update 6 (build 750)', folder: 'D:\Study App\keil\anzhuang\ARM\ARMCC\Bin'
Build target 'Target 1'
compiling main.c...
user\main.c(84): warning:  #223-D: function "sprintf" declared implicitly
  								sprintf((char*)str1,"result:%d",ph[7]); // //byte 7是心率结果
user\main.c(99): warning:  #223-D: function "sprintf" declared implicitly
  									sprintf((char*)str1,"%d/%d", ph[10], ph[11]);//byte 10是血压测量结果的高压,byte 11是血压测量结果的低压	
user\main.c(131): warning:  #223-D: function "sprintf" declared implicitly
  								sprintf((char *)tbuf ,"time:%02d:%02d:%02d",hour,min,sec);
user\main.c: 3 warnings, 0 errors
linking...
Program Size: Code=13796 RO-data=2752 RW-data=280 ZI-data=1160  
FromELF: creating hex file...
".\Objects\智能手环.axf" - 0 Error(s), 3 Warning(s).

<h2>Software Packages used:</h2>

Package Vendor: ARM
                http://www.keil.com/pack/ARM.CMSIS.5.3.0.pack
                ARM.CMSIS.5.3.0
                CMSIS (Cortex Microcontroller Software Interface Standard)
   * Component: CORE Version: 5.1.1

Package Vendor: Keil
                http://www.keil.com/pack/Keil.STM32F4xx_DFP.2.11.0.pack
                Keil.STM32F4xx_DFP.2.11.0
                STMicroelectronics STM32F4 Series Device Support, Drivers and Examples

<h2>Collection of Component include folders:</h2>
  .\RTE\_Target_1
  D:\Study App\keil\anzhuang\ARM\PACK\ARM\CMSIS\5.3.0\CMSIS\Include
  D:\Study App\keil\anzhuang\ARM\PACK\Keil\STM32F4xx_DFP\2.11.0\Drivers\CMSIS\Device\ST\STM32F4xx\Include

<h2>Collection of Component Files used:</h2>

   * Component: ARM::CMSIS:CORE:5.1.1
Build Time Elapsed:  00:00:01
</pre>
</body>
</html>
