Component: ARM Compiler 5.06 update 6 (build 750) Tool: armlink [4d35ed]

==============================================================================

Section Cross References

    startup_stm32f411xe.o(RESET) refers to startup_stm32f411xe.o(STACK) for __initial_sp
    startup_stm32f411xe.o(RESET) refers to startup_stm32f411xe.o(.text) for Reset_Handler
    startup_stm32f411xe.o(RESET) refers to stm32f4xx_it.o(i.NMI_Handler) for NMI_Handler
    startup_stm32f411xe.o(RESET) refers to stm32f4xx_it.o(i.HardFault_Handler) for HardFault_Handler
    startup_stm32f411xe.o(RESET) refers to stm32f4xx_it.o(i.MemManage_Handler) for MemManage_Handler
    startup_stm32f411xe.o(RESET) refers to stm32f4xx_it.o(i.BusFault_Handler) for BusFault_Handler
    startup_stm32f411xe.o(RESET) refers to stm32f4xx_it.o(i.UsageFault_Handler) for UsageFault_Handler
    startup_stm32f411xe.o(RESET) refers to stm32f4xx_it.o(i.SVC_Handler) for SVC_Handler
    startup_stm32f411xe.o(RESET) refers to stm32f4xx_it.o(i.DebugMon_Handler) for DebugMon_Handler
    startup_stm32f411xe.o(RESET) refers to stm32f4xx_it.o(i.PendSV_Handler) for PendSV_Handler
    startup_stm32f411xe.o(RESET) refers to stm32f4xx_it.o(i.SysTick_Handler) for SysTick_Handler
    startup_stm32f411xe.o(RESET) refers to rtc.o(i.RTC_WKUP_IRQHandler) for RTC_WKUP_IRQHandler
    startup_stm32f411xe.o(RESET) refers to usart.o(i.USART1_IRQHandler) for USART1_IRQHandler
    startup_stm32f411xe.o(RESET) refers to rtc.o(i.RTC_Alarm_IRQHandler) for RTC_Alarm_IRQHandler
    startup_stm32f411xe.o(.text) refers to system_stm32f4xx.o(i.SystemInit) for SystemInit
    startup_stm32f411xe.o(.text) refers to entry.o(.ARM.Collect$$$$00000000) for __main
    stm32f4xx_it.o(i.SysTick_Handler) refers to delay.o(.data) for sys_time
    stm32f4xx_it.o(i.SysTick_Handler) refers to oled.o(.data) for local_time
    stm32f4xx_it.o(i.SysTick_Handler) refers to main.o(.data) for sht_run
    system_stm32f4xx.o(i.SystemCoreClockUpdate) refers to system_stm32f4xx.o(.data) for SystemCoreClock
    system_stm32f4xx.o(i.SystemInit) refers to system_stm32f4xx.o(i.SetSysClock) for SetSysClock
    main.o(i.main) refers to usart.o(i.Usart_Init) for Usart_Init
    main.o(i.main) refers to led.o(i.Led_Init) for Led_Init
    main.o(i.main) refers to oled.o(i.OLED_Init) for OLED_Init
    main.o(i.main) refers to iic.o(i.IIC_init) for IIC_init
    main.o(i.main) refers to hp6.o(i.Hp_6_init) for Hp_6_init
    main.o(i.main) refers to rtc.o(i.RTC_Init) for RTC_Init
    main.o(i.main) refers to rtc.o(i.RTC_Set_WakeUp) for RTC_Set_WakeUp
    main.o(i.main) refers to oled.o(i.Display_String) for Display_String
    main.o(i.main) refers to delay.o(i.Delay_ms) for Delay_ms
    main.o(i.main) refers to hp6.o(i.HP_6_OpenRate) for HP_6_OpenRate
    main.o(i.main) refers to oled.o(i.OLED_Clear) for OLED_Clear
    main.o(i.main) refers to mpu6050.o(i.MPU6050_Init_Check) for MPU6050_Init_Check
    main.o(i.main) refers to hp6.o(i.HP_6_CloseBp) for HP_6_CloseBp
    main.o(i.main) refers to hp6.o(i.HP_6_CloseRate) for HP_6_CloseRate
    main.o(i.main) refers to hp6.o(i.HP_6_OpenBp) for HP_6_OpenBp
    main.o(i.main) refers to hp6.o(i.HP_6_GetRateResult) for HP_6_GetRateResult
    main.o(i.main) refers to hp6.o(i.HP_6_GetResultData) for HP_6_GetResultData
    main.o(i.main) refers to printfa.o(i.__0sprintf) for __2sprintf
    main.o(i.main) refers to hp6.o(i.HP_6_GetBpResult) for HP_6_GetBpResult
    main.o(i.main) refers to mpu6050.o(i.MPU_Read_Data) for MPU_Read_Data
    main.o(i.main) refers to sht20.o(i.SHT20_Tem) for SHT20_Tem
    main.o(i.main) refers to sht20.o(i.SHT20_Rh) for SHT20_Rh
    main.o(i.main) refers to rtc.o(i.RTC_Get_Time) for RTC_Get_Time
    main.o(i.main) refers to rtc.o(i.RTC_Get_Date) for RTC_Get_Date
    main.o(i.main) refers to main.o(.data) for hp_xl_run
    sys.o(i.MY_NVIC_Init) refers to sys.o(i.MY_NVIC_PriorityGroupConfig) for MY_NVIC_PriorityGroupConfig
    sys.o(i.Stm32_Clock_Init) refers to sys.o(i.Sys_Clock_Set) for Sys_Clock_Set
    sys.o(i.Stm32_Clock_Init) refers to sys.o(i.MY_NVIC_SetVectorTable) for MY_NVIC_SetVectorTable
    sys.o(i.Sys_Standby) refers to sys.o(i.WFI_SET) for WFI_SET
    delay.o(i.Delay_ms) refers to delay.o(.data) for sys_time
    delay.o(i.Delay_s) refers to delay.o(.data) for sys_time
    delay.o(i.Delay_us) refers to delay.o(i.Delay_1us) for Delay_1us
    oled.o(i.Display_Byte) refers to oled.o(i.OLED_Set_xy) for OLED_Set_xy
    oled.o(i.Display_Byte) refers to oled.o(i.OLED_SendData) for OLED_SendData
    oled.o(i.Display_CH) refers to oled.o(i.OLED_Set_xy) for OLED_Set_xy
    oled.o(i.Display_CH) refers to oled.o(i.OLED_SendData) for OLED_SendData
    oled.o(i.Display_String) refers to oled.o(i.Display_Byte) for Display_Byte
    oled.o(i.Display_String) refers to font_16x16.o(i.ASCII_NUM) for ASCII_NUM
    oled.o(i.Display_String) refers to oled.o(i.Display_CH) for Display_CH
[...]
    printfb.o(i.__0vprintf$bare) refers to usart.o(i.fputc) for fputc
    printfb.o(i.__0vprintf$bare) refers to stdout.o(.data) for __stdout
    printfb.o(i.__0vsnprintf$bare) refers to printfb.o(i._printf_core) for _printf_core
    printfb.o(i.__0vsnprintf$bare) refers to printfb.o(i._snputc) for _snputc
    printfb.o(i.__0vsprintf$bare) refers to printfb.o(i._printf_core) for _printf_core
    printfb.o(i.__0vsprintf$bare) refers to printfb.o(i._sputc) for _sputc
    printf0.o(i.__0fprintf$0) refers to printf0.o(i._printf_core) for _printf_core
    printf0.o(i.__0fprintf$0) refers to usart.o(i.fputc) for fputc
    printf0.o(i.__0printf$0) refers to printf0.o(i._printf_core) for _printf_core
    printf0.o(i.__0printf$0) refers to usart.o(i.fputc) for fputc
    printf0.o(i.__0printf$0) refers to stdout.o(.data) for __stdout
    printf0.o(i.__0snprintf$0) refers to printf0.o(i._printf_core) for _printf_core
    printf0.o(i.__0snprintf$0) refers to printf0.o(i._snputc) for _snputc
    printf0.o(i.__0sprintf$0) refers to printf0.o(i._printf_core) for _printf_core
    printf0.o(i.__0sprintf$0) refers to printf0.o(i._sputc) for _sputc
    printf0.o(i.__0vfprintf$0) refers to printf0.o(i._printf_core) for _printf_core
    printf0.o(i.__0vfprintf$0) refers to usart.o(i.fputc) for fputc
    printf0.o(i.__0vprintf$0) refers to printf0.o(i._printf_core) for _printf_core
    printf0.o(i.__0vprintf$0) refers to usart.o(i.fputc) for fputc
    printf0.o(i.__0vprintf$0) refers to stdout.o(.data) for __stdout
    printf0.o(i.__0vsnprintf$0) refers to printf0.o(i._printf_core) for _printf_core
    printf0.o(i.__0vsnprintf$0) refers to printf0.o(i._snputc) for _snputc
    printf0.o(i.__0vsprintf$0) refers to printf0.o(i._printf_core) for _printf_core
    printf0.o(i.__0vsprintf$0) refers to printf0.o(i._sputc) for _sputc
    printf1.o(i.__0fprintf$1) refers to printf1.o(i._printf_core) for _printf_core
    printf1.o(i.__0fprintf$1) refers to usart.o(i.fputc) for fputc
    printf1.o(i.__0printf$1) refers to printf1.o(i._printf_core) for _printf_core
    printf1.o(i.__0printf$1) refers to usart.o(i.fputc) for fputc
    printf1.o(i.__0printf$1) refers to stdout.o(.data) for __stdout
    printf1.o(i.__0snprintf$1) refers to printf1.o(i._printf_core) for _printf_core
    printf1.o(i.__0snprintf$1) refers to printf1.o(i._snputc) for _snputc
    printf1.o(i.__0sprintf$1) refers to printf1.o(i._printf_core) for _printf_core
    printf1.o(i.__0sprintf$1) refers to printf1.o(i._sputc) for _sputc
    printf1.o(i.__0vfprintf$1) refers to printf1.o(i._printf_core) for _printf_core
    printf1.o(i.__0vfprintf$1) refers to usart.o(i.fputc) for fputc
    printf1.o(i.__0vprintf$1) refers to printf1.o(i._printf_core) for _printf_core
    printf1.o(i.__0vprintf$1) refers to usart.o(i.fputc) for fputc
    printf1.o(i.__0vprintf$1) refers to stdout.o(.data) for __stdout
    printf1.o(i.__0vsnprintf$1) refers to printf1.o(i._printf_core) for _printf_core
    printf1.o(i.__0vsnprintf$1) refers to printf1.o(i._snputc) for _snputc
    printf1.o(i.__0vsprintf$1) refers to printf1.o(i._printf_core) for _printf_core
    printf1.o(i.__0vsprintf$1) refers to printf1.o(i._sputc) for _sputc
    printf1.o(i._printf_core) refers to uidiv.o(.text) for __aeabi_uidivmod
    printf2.o(i.__0fprintf$2) refers to printf2.o(i._printf_core) for _printf_core
    printf2.o(i.__0fprintf$2) refers to usart.o(i.fputc) for fputc
    printf2.o(i.__0printf$2) refers to printf2.o(i._printf_core) for _printf_core
    printf2.o(i.__0printf$2) refers to usart.o(i.fputc) for fputc
    printf2.o(i.__0printf$2) refers to stdout.o(.data) for __stdout
    printf2.o(i.__0snprintf$2) refers to printf2.o(i._printf_core) for _printf_core
    printf2.o(i.__0snprintf$2) refers to printf2.o(i._snputc) for _snputc
    printf2.o(i.__0sprintf$2) refers to printf2.o(i._printf_core) for _printf_core
    printf2.o(i.__0sprintf$2) refers to printf2.o(i._sputc) for _sputc
    printf2.o(i.__0vfprintf$2) refers to printf2.o(i._printf_core) for _printf_core
    printf2.o(i.__0vfprintf$2) refers to usart.o(i.fputc) for fputc
    printf2.o(i.__0vprintf$2) refers to printf2.o(i._printf_core) for _printf_core
    printf2.o(i.__0vprintf$2) refers to usart.o(i.fputc) for fputc
    printf2.o(i.__0vprintf$2) refers to stdout.o(.data) for __stdout
    printf2.o(i.__0vsnprintf$2) refers to printf2.o(i._printf_core) for _printf_core
    printf2.o(i.__0vsnprintf$2) refers to printf2.o(i._snputc) for _snputc
    printf2.o(i.__0vsprintf$2) refers to printf2.o(i._printf_core) for _printf_core
    printf2.o(i.__0vsprintf$2) refers to printf2.o(i._sputc) for _sputc
    printf3.o(i.__0fprintf$3) refers to printf3.o(i._printf_core) for _printf_core
    printf3.o(i.__0fprintf$3) refers to usart.o(i.fputc) for fputc
    printf3.o(i.__0printf$3) refers to printf3.o(i._printf_core) for _printf_core
    printf3.o(i.__0printf$3) refers to usart.o(i.fputc) for fputc
    printf3.o(i.__0printf$3) refers to stdout.o(.data) for __stdout
    printf3.o(i.__0snprintf$3) refers to printf3.o(i._printf_core) for _printf_core
    printf3.o(i.__0snprintf$3) refers to printf3.o(i._snputc) for _snputc
    printf3.o(i.__0sprintf$3) refers to printf3.o(i._printf_core) for _printf_core
    printf3.o(i.__0sprintf$3) refers to printf3.o(i._sputc) for _sputc
    printf3.o(i.__0vfprintf$3) refers to printf3.o(i._printf_core) for _printf_core
    printf3.o(i.__0vfprintf$3) refers to usart.o(i.fputc) for fputc
    printf3.o(i.__0vprintf$3) refers to printf3.o(i._printf_core) for _printf_core
    printf3.o(i.__0vprintf$3) refers to usart.o(i.fputc) for fputc
    printf3.o(i.__0vprintf$3) refers to stdout.o(.data) for __stdout
    printf3.o(i.__0vsnprintf$3) refers to printf3.o(i._printf_core) for _printf_core
    printf3.o(i.__0vsnprintf$3) refers to printf3.o(i._snputc) for _snputc
    printf3.o(i.__0vsprintf$3) refers to printf3.o(i._printf_core) for _printf_core
    printf3.o(i.__0vsprintf$3) refers to printf3.o(i._sputc) for _sputc
    printf3.o(i._printf_core) refers to uidiv.o(.text) for __aeabi_uidivmod
    printf4.o(i.__0fprintf$4) refers to printf4.o(i._printf_core) for _printf_core
    printf4.o(i.__0fprintf$4) refers to usart.o(i.fputc) for fputc
    printf4.o(i.__0printf$4) refers to printf4.o(i._printf_core) for _printf_core
    printf4.o(i.__0printf$4) refers to usart.o(i.fputc) for fputc
    printf4.o(i.__0printf$4) refers to stdout.o(.data) for __stdout
    printf4.o(i.__0snprintf$4) refers to printf4.o(i._printf_core) for _printf_core
    printf4.o(i.__0snprintf$4) refers to printf4.o(i._snputc) for _snputc
    printf4.o(i.__0sprintf$4) refers to printf4.o(i._printf_core) for _printf_core
    printf4.o(i.__0sprintf$4) refers to printf4.o(i._sputc) for _sputc
    printf4.o(i.__0vfprintf$4) refers to printf4.o(i._printf_core) for _printf_core
    printf4.o(i.__0vfprintf$4) refers to usart.o(i.fputc) for fputc
    printf4.o(i.__0vprintf$4) refers to printf4.o(i._printf_core) for _printf_core
    printf4.o(i.__0vprintf$4) refers to usart.o(i.fputc) for fputc
    printf4.o(i.__0vprintf$4) refers to stdout.o(.data) for __stdout
    printf4.o(i.__0vsnprintf$4) refers to printf4.o(i._printf_core) for _printf_core
    printf4.o(i.__0vsnprintf$4) refers to printf4.o(i._snputc) for _snputc
    printf4.o(i.__0vsprintf$4) refers to printf4.o(i._printf_core) for _printf_core
    printf4.o(i.__0vsprintf$4) refers to printf4.o(i._sputc) for _sputc
    printf4.o(i._printf_core) refers to uldiv.o(.text) for __aeabi_uldivmod
    printf5.o(i.__0fprintf$5) refers to printf5.o(i._printf_core) for _printf_core
    printf5.o(i.__0fprintf$5) refers to usart.o(i.fputc) for fputc
    printf5.o(i.__0printf$5) refers to printf5.o(i._printf_core) for _printf_core
    printf5.o(i.__0printf$5) refers to usart.o(i.fputc) for fputc
    printf5.o(i.__0printf$5) refers to stdout.o(.data) for __stdout
    printf5.o(i.__0snprintf$5) refers to printf5.o(i._printf_core) for _printf_core
    printf5.o(i.__0snprintf$5) refers to printf5.o(i._snputc) for _snputc
    printf5.o(i.__0sprintf$5) refers to printf5.o(i._printf_core) for _printf_core
    printf5.o(i.__0sprintf$5) refers to printf5.o(i._sputc) for _sputc
    printf5.o(i.__0vfprintf$5) refers to printf5.o(i._printf_core) for _printf_core
    printf5.o(i.__0vfprintf$5) refers to usart.o(i.fputc) for fputc
    printf5.o(i.__0vprintf$5) refers to printf5.o(i._printf_core) for _printf_core
    printf5.o(i.__0vprintf$5) refers to usart.o(i.fputc) for fputc
    printf5.o(i.__0vprintf$5) refers to stdout.o(.data) for __stdout
    printf5.o(i.__0vsnprintf$5) refers to printf5.o(i._printf_core) for _printf_core
    printf5.o(i.__0vsnprintf$5) refers to printf5.o(i._snputc) for _snputc
    printf5.o(i.__0vsprintf$5) refers to printf5.o(i._printf_core) for _printf_core
    printf5.o(i.__0vsprintf$5) refers to printf5.o(i._sputc) for _sputc
    printf5.o(i._printf_core) refers to uldiv.o(.text) for __aeabi_uldivmod
    printf6.o(i.__0fprintf$6) refers to printf6.o(i._printf_core) for _printf_core
    printf6.o(i.__0fprintf$6) refers to usart.o(i.fputc) for fputc
    printf6.o(i.__0printf$6) refers to printf6.o(i._printf_core) for _printf_core
    printf6.o(i.__0printf$6) refers to usart.o(i.fputc) for fputc
    printf6.o(i.__0printf$6) refers to stdout.o(.data) for __stdout
    printf6.o(i.__0snprintf$6) refers to printf6.o(i._printf_core) for _printf_core
    printf6.o(i.__0snprintf$6) refers to printf6.o(i._snputc) for _snputc
    printf6.o(i.__0sprintf$6) refers to printf6.o(i._printf_core) for _printf_core
    printf6.o(i.__0sprintf$6) refers to printf6.o(i._sputc) for _sputc
    printf6.o(i.__0vfprintf$6) refers to printf6.o(i._printf_core) for _printf_core
    printf6.o(i.__0vfprintf$6) refers to usart.o(i.fputc) for fputc
    printf6.o(i.__0vprintf$6) refers to printf6.o(i._printf_core) for _printf_core
    printf6.o(i.__0vprintf$6) refers to usart.o(i.fputc) for fputc
    printf6.o(i.__0vprintf$6) refers to stdout.o(.data) for __stdout
    printf6.o(i.__0vsnprintf$6) refers to printf6.o(i._printf_core) for _printf_core
    printf6.o(i.__0vsnprintf$6) refers to printf6.o(i._snputc) for _snputc
    printf6.o(i.__0vsprintf$6) refers to printf6.o(i._printf_core) for _printf_core
    printf6.o(i.__0vsprintf$6) refers to printf6.o(i._sputc) for _sputc
    printf6.o(i._printf_core) refers to printf6.o(i._printf_pre_padding) for _printf_pre_padding
    printf6.o(i._printf_core) refers to uidiv.o(.text) for __aeabi_uidivmod
    printf6.o(i._printf_core) refers to printf6.o(i._printf_post_padding) for _printf_post_padding
    printf7.o(i.__0fprintf$7) refers to printf7.o(i._printf_core) for _printf_core
    printf7.o(i.__0fprintf$7) refers to usart.o(i.fputc) for fputc
    printf7.o(i.__0printf$7) refers to printf7.o(i._printf_core) for _printf_core
    printf7.o(i.__0printf$7) refers to usart.o(i.fputc) for fputc
    printf7.o(i.__0printf$7) refers to stdout.o(.data) for __stdout
    printf7.o(i.__0snprintf$7) refers to printf7.o(i._printf_core) for _printf_core
    printf7.o(i.__0snprintf$7) refers to printf7.o(i._snputc) for _snputc
    printf7.o(i.__0sprintf$7) refers to printf7.o(i._printf_core) for _printf_core
    printf7.o(i.__0sprintf$7) refers to printf7.o(i._sputc) for _sputc
    printf7.o(i.__0vfprintf$7) refers to printf7.o(i._printf_core) for _printf_core
    printf7.o(i.__0vfprintf$7) refers to usart.o(i.fputc) for fputc
    printf7.o(i.__0vprintf$7) refers to printf7.o(i._printf_core) for _printf_core
    printf7.o(i.__0vprintf$7) refers to usart.o(i.fputc) for fputc
    printf7.o(i.__0vprintf$7) refers to stdout.o(.data) for __stdout
    printf7.o(i.__0vsnprintf$7) refers to printf7.o(i._printf_core) for _printf_core
    printf7.o(i.__0vsnprintf$7) refers to printf7.o(i._snputc) for _snputc
    printf7.o(i.__0vsprintf$7) refers to printf7.o(i._printf_core) for _printf_core
    printf7.o(i.__0vsprintf$7) refers to printf7.o(i._sputc) for _sputc
    printf7.o(i._printf_core) refers to printf7.o(i._printf_pre_padding) for _printf_pre_padding
    printf7.o(i._printf_core) refers to uldiv.o(.text) for __aeabi_uldivmod
    printf7.o(i._printf_core) refers to printf7.o(i._printf_post_padding) for _printf_post_padding
    printf8.o(i.__0fprintf$8) refers to printf8.o(i._printf_core) for _printf_core
    printf8.o(i.__0fprintf$8) refers to usart.o(i.fputc) for fputc
    printf8.o(i.__0printf$8) refers to printf8.o(i._printf_core) for _printf_core
    printf8.o(i.__0printf$8) refers to usart.o(i.fputc) for fputc
    printf8.o(i.__0printf$8) refers to stdout.o(.data) for __stdout
    printf8.o(i.__0snprintf$8) refers to printf8.o(i._printf_core) for _printf_core
    printf8.o(i.__0snprintf$8) refers to printf8.o(i._snputc) for _snputc
    printf8.o(i.__0sprintf$8) refers to printf8.o(i._printf_core) for _printf_core
    printf8.o(i.__0sprintf$8) refers to printf8.o(i._sputc) for _sputc
    printf8.o(i.__0vfprintf$8) refers to printf8.o(i._printf_core) for _printf_core
    printf8.o(i.__0vfprintf$8) refers to usart.o(i.fputc) for fputc
    printf8.o(i.__0vprintf$8) refers to printf8.o(i._printf_core) for _printf_core
    printf8.o(i.__0vprintf$8) refers to usart.o(i.fputc) for fputc
    printf8.o(i.__0vprintf$8) refers to stdout.o(.data) for __stdout
    printf8.o(i.__0vsnprintf$8) refers to printf8.o(i._printf_core) for _printf_core
    printf8.o(i.__0vsnprintf$8) refers to printf8.o(i._snputc) for _snputc
    printf8.o(i.__0vsprintf$8) refers to printf8.o(i._printf_core) for _printf_core
    printf8.o(i.__0vsprintf$8) refers to printf8.o(i._sputc) for _sputc
    printf8.o(i._printf_core) refers to printf8.o(i._printf_pre_padding) for _printf_pre_padding
    printf8.o(i._printf_core) refers to uldiv.o(.text) for __aeabi_uldivmod
    printf8.o(i._printf_core) refers to printf8.o(i._printf_post_padding) for _printf_post_padding
    printfa.o(i.__0fprintf) refers (Special) to iusefp.o(.text) for __I$use$fp
    printfa.o(i.__0fprintf) refers to printfa.o(i._printf_core) for _printf_core
    printfa.o(i.__0fprintf) refers to usart.o(i.fputc) for fputc
    printfa.o(i.__0printf) refers (Special) to iusefp.o(.text) for __I$use$fp
    printfa.o(i.__0printf) refers to printfa.o(i._printf_core) for _printf_core
    printfa.o(i.__0printf) refers to usart.o(i.fputc) for fputc
    printfa.o(i.__0printf) refers to stdout.o(.data) for __stdout
    printfa.o(i.__0snprintf) refers (Special) to iusefp.o(.text) for __I$use$fp
    printfa.o(i.__0snprintf) refers to printfa.o(i._printf_core) for _printf_core
    printfa.o(i.__0snprintf) refers to printfa.o(i._snputc) for _snputc
    printfa.o(i.__0sprintf) refers (Special) to iusefp.o(.text) for __I$use$fp
    printfa.o(i.__0sprintf) refers to printfa.o(i._printf_core) for _printf_core
    printfa.o(i.__0sprintf) refers to printfa.o(i._sputc) for _sputc
    printfa.o(i.__0vfprintf) refers (Special) to iusefp.o(.text) for __I$use$fp
    printfa.o(i.__0vfprintf) refers to printfa.o(i._printf_core) for _printf_core
    printfa.o(i.__0vfprintf) refers to usart.o(i.fputc) for fputc
    printfa.o(i.__0vprintf) refers (Special) to iusefp.o(.text) for __I$use$fp
    printfa.o(i.__0vprintf) refers to printfa.o(i._printf_core) for _printf_core
    printfa.o(i.__0vprintf) refers to usart.o(i.fputc) for fputc
    printfa.o(i.__0vprintf) refers to stdout.o(.data) for __stdout
    printfa.o(i.__0vsnprintf) refers (Special) to iusefp.o(.text) for __I$use$fp
    printfa.o(i.__0vsnprintf) refers to printfa.o(i._printf_core) for _printf_core
    printfa.o(i.__0vsnprintf) refers to printfa.o(i._snputc) for _snputc
    printfa.o(i.__0vsprintf) refers (Special) to iusefp.o(.text) for __I$use$fp
    printfa.o(i.__0vsprintf) refers to printfa.o(i._printf_core) for _printf_core
    printfa.o(i.__0vsprintf) refers to printfa.o(i._sputc) for _sputc
    printfa.o(i._fp_digits) refers (Special) to iusefp.o(.text) for __I$use$fp
    printfa.o(i._fp_digits) refers to dmul.o(.text) for __aeabi_dmul
    printfa.o(i._fp_digits) refers to ddiv.o(.text) for __aeabi_ddiv
    printfa.o(i._fp_digits) refers to cdrcmple.o(.text) for __aeabi_cdrcmple
    printfa.o(i._fp_digits) refers to dadd.o(.text) for __aeabi_dadd
    printfa.o(i._fp_digits) refers to dfixul.o(.text) for __aeabi_d2ulz
    printfa.o(i._fp_digits) refers to uldiv.o(.text) for __aeabi_uldivmod
    printfa.o(i._printf_core) refers (Special) to iusefp.o(.text) for __I$use$fp
    printfa.o(i._printf_core) refers to printfa.o(i._printf_pre_padding) for _printf_pre_padding
    printfa.o(i._printf_core) refers to uldiv.o(.text) for __aeabi_uldivmod
    printfa.o(i._printf_core) refers to printfa.o(i._printf_post_padding) for _printf_post_padding
    printfa.o(i._printf_core) refers to printfa.o(i._fp_digits) for _fp_digits
    printfa.o(i._printf_core) refers to uidiv.o(.text) for __aeabi_uidivmod
    printfa.o(i._printf_post_padding) refers (Special) to iusefp.o(.text) for __I$use$fp
    printfa.o(i._printf_pre_padding) refers (Special) to iusefp.o(.text) for __I$use$fp
    printfa.o(i._snputc) refers (Special) to iusefp.o(.text) for __I$use$fp
    printfa.o(i._sputc) refers (Special) to iusefp.o(.text) for __I$use$fp
    dadd.o(.text) refers (Special) to iusefp.o(.text) for __I$use$fp
    dadd.o(.text) refers to llshl.o(.text) for __aeabi_llsl
    dadd.o(.text) refers to llsshr.o(.text) for __aeabi_lasr
    dadd.o(.text) refers to depilogue.o(.text) for _double_epilogue
    dmul.o(.text) refers (Special) to iusefp.o(.text) for __I$use$fp
    dmul.o(.text) refers to depilogue.o(.text) for _double_epilogue
    ddiv.o(.text) refers (Special) to iusefp.o(.text) for __I$use$fp
    ddiv.o(.text) refers to depilogue.o(.text) for _double_round
    dfltui.o(.text) refers (Special) to iusefp.o(.text) for __I$use$fp
    dfltui.o(.text) refers to depilogue.o(.text) for _double_epilogue
    f2d.o(.text) refers (Special) to iusefp.o(.text) for __I$use$fp
    d2f.o(.text) refers (Special) to iusefp.o(.text) for __I$use$fp
    d2f.o(.text) refers to fepilogue.o(.text) for _float_round
    entry2.o(.ARM.Collect$$$$00000001) refers to entry2.o(.ARM.Collect$$$$00002712) for __lit__00000000
    entry2.o(.ARM.Collect$$$$00002712) refers to startup_stm32f411xe.o(STACK) for __initial_sp
    entry2.o(__vectab_stack_and_reset_area) refers to startup_stm32f411xe.o(STACK) for __initial_sp
    entry2.o(__vectab_stack_and_reset_area) refers to entry.o(.ARM.Collect$$$$00000000) for __main
    entry5.o(.ARM.Collect$$$$00000004) refers to init.o(.text) for __scatterload
    entry9a.o(.ARM.Collect$$$$0000000B) refers to main.o(i.main) for main
    entry9b.o(.ARM.Collect$$$$0000000C) refers to main.o(i.main) for main
    uldiv.o(.text) refers to llushr.o(.text) for __aeabi_llsr
    uldiv.o(.text) refers to llshl.o(.text) for __aeabi_llsl
    errno.o(i.__aeabi_errno_addr) refers to errno.o(.data) for .data
    errno.o(i.__read_errno) refers to errno.o(.data) for .data
    errno.o(i.__set_errno) refers to errno.o(.data) for .data
    depilogue.o(.text) refers to llshl.o(.text) for __aeabi_llsl
    depilogue.o(.text) refers to llushr.o(.text) for __aeabi_llsr
    dsqrt.o(.text) refers to llushr.o(.text) for __aeabi_llsr
    dsqrt.o(.text) refers to depilogue.o(.text) for _double_round
    dfixul.o(.text) refers to llushr.o(.text) for __aeabi_llsr
    dfixul.o(.text) refers to llshl.o(.text) for __aeabi_llsl
    init.o(.text) refers to entry5.o(.ARM.Collect$$$$00000004) for __main_after_scatterload


==============================================================================

Removing Unused input sections from the image.

    Removing startup_stm32f411xe.o(HEAP), (512 bytes).
    Removing stm32f4xx_it.o(.rev16_text), (4 bytes).
    Removing stm32f4xx_it.o(.revsh_text), (4 bytes).
    Removing system_stm32f4xx.o(.rev16_text), (4 bytes).
    Removing system_stm32f4xx.o(.revsh_text), (4 bytes).
    Removing system_stm32f4xx.o(i.SystemCoreClockUpdate), (168 bytes).
    Removing system_stm32f4xx.o(.data), (20 bytes).
    Removing main.o(.rev16_text), (4 bytes).
    Removing main.o(.revsh_text), (4 bytes).
    Removing sys.o(.rev16_text), (4 bytes).
    Removing sys.o(.revsh_text), (4 bytes).
    Removing sys.o(.emb_text), (6 bytes).
    Removing sys.o(i.Ex_NVIC_Config), (180 bytes).
    Removing sys.o(i.GPIO_AF_Set), (64 bytes).
    Removing sys.o(i.GPIO_Set), (222 bytes).
    Removing sys.o(i.INTX_DISABLE), (4 bytes).
    Removing sys.o(i.INTX_ENABLE), (4 bytes).
    Removing sys.o(i.MY_NVIC_SetVectorTable), (16 bytes).
    Removing sys.o(i.Stm32_Clock_Init), (104 bytes).
    Removing sys.o(i.Sys_Clock_Set), (268 bytes).
    Removing sys.o(i.Sys_Soft_Reset), (16 bytes).
    Removing sys.o(i.Sys_Standby), (76 bytes).
    Removing sys.o(i.WFI_SET), (4 bytes).
    Removing delay.o(.rev16_text), (4 bytes).
    Removing delay.o(.revsh_text), (4 bytes).
    Removing delay.o(i.Delay_s), (40 bytes).
    Removing led.o(.rev16_text), (4 bytes).
    Removing led.o(.revsh_text), (4 bytes).
    Removing oled.o(.rev16_text), (4 bytes).
    Removing oled.o(.revsh_text), (4 bytes).
    Removing oled.o(i.Print_BMP), (76 bytes).
    Removing sht20.o(.rev16_text), (4 bytes).
    Removing sht20.o(.revsh_text), (4 bytes).
    Removing usart.o(.rev16_text), (4 bytes).
    Removing usart.o(.revsh_text), (4 bytes).
    Removing usart.o(i.Usart_Receive), (28 bytes).
    Removing usart.o(i.Usart_SendByte), (24 bytes).
    Removing usart.o(i.Usart_Str), (22 bytes).
    Removing rtc.o(.rev16_text), (4 bytes).
    Removing rtc.o(.revsh_text), (4 bytes).
    Removing rtc.o(i.RTC_Get_Week), (128 bytes).
    Removing rtc.o(i.RTC_Set_AlarmA), (284 bytes).
    Removing rtc.o(.constdata), (12 bytes).
    Removing mpu6050.o(.rev16_text), (4 bytes).
    Removing mpu6050.o(.revsh_text), (4 bytes).
    Removing hp6.o(.rev16_text), (4 bytes).
    Removing hp6.o(.revsh_text), (4 bytes).
    Removing hp6.o(i.HP_6_Delay_ms), (14 bytes).
    Removing hp6.o(i.HP_6_GetADC), (68 bytes).
    Removing hp6.o(i.HP_6_PowerSaving), (44 bytes).
    Removing hp6.o(i.HP_6_VersionInfo), (44 bytes).
    Removing iic.o(.rev16_text), (4 bytes).
    Removing iic.o(.revsh_text), (4 bytes).
    Removing cdcmple.o(.text), (48 bytes).

54 unused section(s) (total 2600 bytes) removed from the image.

==============================================================================

Image Symbol Table

    Local Symbols

    Symbol Name                              Value     Ov Type        Size  Object(Section)

    ../clib/microlib/division.c              0x00000000   Number         0  uidiv.o ABSOLUTE
    ../clib/microlib/division.c              0x00000000   Number         0  uldiv.o ABSOLUTE
    ../clib/microlib/errno.c                 0x00000000   Number         0  errno.o ABSOLUTE
    ../clib/microlib/init/entry.s            0x00000000   Number         0  entry11b.o ABSOLUTE
    ../clib/microlib/init/entry.s            0x00000000   Number         0  entry10b.o ABSOLUTE
    ../clib/microlib/init/entry.s            0x00000000   Number         0  entry9b.o ABSOLUTE
    ../clib/microlib/init/entry.s            0x00000000   Number         0  entry10a.o ABSOLUTE
    ../clib/microlib/init/entry.s            0x00000000   Number         0  entry11a.o ABSOLUTE
    ../clib/microlib/init/entry.s            0x00000000   Number         0  entry9a.o ABSOLUTE
    ../clib/microlib/init/entry.s            0x00000000   Number         0  entry2.o ABSOLUTE
    ../clib/microlib/init/entry.s            0x00000000   Number         0  entry5.o ABSOLUTE
    ../clib/microlib/init/entry.s            0x00000000   Number         0  entry7a.o ABSOLUTE
    ../clib/microlib/init/entry.s            0x00000000   Number         0  entry7b.o ABSOLUTE
    ../clib/microlib/init/entry.s            0x00000000   Number         0  entry8a.o ABSOLUTE
    ../clib/microlib/init/entry.s            0x00000000   Number         0  entry8b.o ABSOLUTE
    ../clib/microlib/init/entry.s            0x00000000   Number         0  entry.o ABSOLUTE
    ../clib/microlib/longlong.c              0x00000000   Number         0  llsshr.o ABSOLUTE
    ../clib/microlib/longlong.c              0x00000000   Number         0  llshl.o ABSOLUTE
    ../clib/microlib/longlong.c              0x00000000   Number         0  llushr.o ABSOLUTE
    ../clib/microlib/printf/printf.c         0x00000000   Number         0  printf3.o ABSOLUTE
    ../clib/microlib/printf/printf.c         0x00000000   Number         0  printf2.o ABSOLUTE
    ../clib/microlib/printf/printf.c         0x00000000   Number         0  printf1.o ABSOLUTE
    ../clib/microlib/printf/printf.c         0x00000000   Number         0  printf0.o ABSOLUTE
    ../clib/microlib/printf/printf.c         0x00000000   Number         0  printfb.o ABSOLUTE
    ../clib/microlib/printf/printf.c         0x00000000   Number         0  printf7.o ABSOLUTE
    ../clib/microlib/printf/printf.c         0x00000000   Number         0  printf6.o ABSOLUTE
    ../clib/microlib/printf/printf.c         0x00000000   Number         0  printf4.o ABSOLUTE
    ../clib/microlib/printf/printf.c         0x00000000   Number         0  printf8.o ABSOLUTE
    ../clib/microlib/printf/printf.c         0x00000000   Number         0  printfa.o ABSOLUTE
    ../clib/microlib/printf/printf.c         0x00000000   Number         0  printf5.o ABSOLUTE
    ../clib/microlib/printf/stubs.s          0x00000000   Number         0  stubs.o ABSOLUTE
    ../clib/microlib/stdio/streams.c         0x00000000   Number         0  stdout.o ABSOLUTE
    ../clib/microlib/stubs.s                 0x00000000   Number         0  iusefp.o ABSOLUTE
    ../fplib/microlib/d2f.c                  0x00000000   Number         0  d2f.o ABSOLUTE
    ../fplib/microlib/f2d.c                  0x00000000   Number         0  f2d.o ABSOLUTE
    ../fplib/microlib/fpadd.c                0x00000000   Number         0  dadd.o ABSOLUTE
    ../fplib/microlib/fpdiv.c                0x00000000   Number         0  ddiv.o ABSOLUTE
    ../fplib/microlib/fpepilogue.c           0x00000000   Number         0  fepilogue.o ABSOLUTE
    ../fplib/microlib/fpepilogue.c           0x00000000   Number         0  depilogue.o ABSOLUTE
    ../fplib/microlib/fpfix.c                0x00000000   Number         0  dfixul.o ABSOLUTE
    ../fplib/microlib/fpflt.c                0x00000000   Number         0  dfltui.o ABSOLUTE
    ../fplib/microlib/fpmul.c                0x00000000   Number         0  dmul.o ABSOLUTE
    ../fplib/microlib/fpsqrt.c               0x00000000   Number         0  dsqrt.o ABSOLUTE
    ../mathlib/sqrt.c                        0x00000000   Number         0  sqrt_x.o ABSOLUTE
    ../mathlib/sqrt.c                        0x00000000   Number         0  sqrt.o ABSOLUTE
    api\\delay.c                             0x00000000   Number         0  delay.o ABSOLUTE
    api\\led.c                               0x00000000   Number         0  led.o ABSOLUTE
    api\\mpu6050.c                           0x00000000   Number         0  mpu6050.o ABSOLUTE
    api\\oled.c                              0x00000000   Number         0  oled.o ABSOLUTE
    api\\rtc.c                               0x00000000   Number         0  rtc.o ABSOLUTE
    api\\sht20.c                             0x00000000   Number         0  sht20.o ABSOLUTE
    api\\usart.c                             0x00000000   Number         0  usart.o ABSOLUTE
    api\delay.c                              0x00000000   Number         0  delay.o ABSOLUTE
    api\font_16x16.c                         0x00000000   Number         0  font_16x16.o ABSOLUTE
    api\led.c                                0x00000000   Number         0  led.o ABSOLUTE
    api\mpu6050.c                            0x00000000   Number         0  mpu6050.o ABSOLUTE
    api\oled.c                               0x00000000   Number         0  oled.o ABSOLUTE
    api\rtc.c                                0x00000000   Number         0  rtc.o ABSOLUTE
    api\sht20.c                              0x00000000   Number         0  sht20.o ABSOLUTE
    api\usart.c                              0x00000000   Number         0  usart.o ABSOLUTE
    cdcmple.s                                0x00000000   Number         0  cdcmple.o ABSOLUTE
    cdrcmple.s                               0x00000000   Number         0  cdrcmple.o ABSOLUTE
    dc.s                                     0x00000000   Number         0  dc.o ABSOLUTE
    handlers.s                               0x00000000   Number         0  handlers.o ABSOLUTE
    hp_6\\hp6.c                              0x00000000   Number         0  hp6.o ABSOLUTE
    hp_6\\iic.c                              0x00000000   Number         0  iic.o ABSOLUTE
    hp_6\hp6.c                               0x00000000   Number         0  hp6.o ABSOLUTE
    hp_6\iic.c                               0x00000000   Number         0  iic.o ABSOLUTE
    init.s                                   0x00000000   Number         0  init.o ABSOLUTE
    startup\startup_stm32f411xe.s            0x00000000   Number         0  startup_stm32f411xe.o ABSOLUTE
    user\\main.c                             0x00000000   Number         0  main.o ABSOLUTE
    user\\stm32f4xx_it.c                     0x00000000   Number         0  stm32f4xx_it.o ABSOLUTE
    user\\sys.c                              0x00000000   Number         0  sys.o ABSOLUTE
    user\\system_stm32f4xx.c                 0x00000000   Number         0  system_stm32f4xx.o ABSOLUTE
    user\main.c                              0x00000000   Number         0  main.o ABSOLUTE
    user\stm32f4xx_it.c                      0x00000000   Number         0  stm32f4xx_it.o ABSOLUTE
    user\sys.c                               0x00000000   Number         0  sys.o ABSOLUTE
    user\system_stm32f4xx.c                  0x00000000   Number         0  system_stm32f4xx.o ABSOLUTE
    RESET                                    0x08000000   Section      408  startup_stm32f411xe.o(RESET)
    .ARM.Collect$$$$00000000                 0x08000198   Section        0  entry.o(.ARM.Collect$$$$00000000)
    .ARM.Collect$$$$00000001                 0x08000198   Section        4  entry2.o(.ARM.Collect$$$$00000001)
    .ARM.Collect$$$$00000004                 0x0800019c   Section        4  entry5.o(.ARM.Collect$$$$00000004)
    .ARM.Collect$$$$00000008                 0x080001a0   Section        0  entry7b.o(.ARM.Collect$$$$00000008)
    .ARM.Collect$$$$0000000A                 0x080001a0   Section        0  entry8b.o(.ARM.Collect$$$$0000000A)
    .ARM.Collect$$$$0000000B                 0x080001a0   Section        8  entry9a.o(.ARM.Collect$$$$0000000B)
    .ARM.Collect$$$$0000000D                 0x080001a8   Section        0  entry10a.o(.ARM.Collect$$$$0000000D)
    .ARM.Collect$$$$0000000F                 0x080001a8   Section        0  entry11a.o(.ARM.Collect$$$$0000000F)
    .ARM.Collect$$$$00002712                 0x080001a8   Section        4  entry2.o(.ARM.Collect$$$$00002712)
    __lit__00000000                          0x080001a8   Data           4  entry2.o(.ARM.Collect$$$$00002712)
    .text                                    0x080001ac   Section       36  startup_stm32f411xe.o(.text)
    $v0                                      0x080001ac   Number         0  startup_stm32f411xe.o(.text)
    .text                                    0x080001d0   Section        0  dadd.o(.text)
    .text                                    0x0800031e   Section        0  dmul.o(.text)
    .text                                    0x08000402   Section        0  ddiv.o(.text)
    .text                                    0x080004e0   Section        0  dfltui.o(.text)
    .text                                    0x080004fa   Section        0  f2d.o(.text)
    .text                                    0x08000520   Section        0  d2f.o(.text)
    .text                                    0x08000558   Section        0  uidiv.o(.text)
    .text                                    0x08000584   Section        0  uldiv.o(.text)
    .text                                    0x080005e6   Section        0  llshl.o(.text)
    .text                                    0x08000604   Section        0  llsshr.o(.text)
    .text                                    0x08000628   Section        0  iusefp.o(.text)
    .text                                    0x08000628   Section        0  fepilogue.o(.text)
    .text                                    0x08000696   Section        0  depilogue.o(.text)
    .text                                    0x08000750   Section        0  dsqrt.o(.text)
    .text                                    0x080007f2   Section        0  dfixul.o(.text)
    .text                                    0x08000824   Section       48  cdrcmple.o(.text)
    .text                                    0x08000854   Section       36  init.o(.text)
    .text                                    0x08000878   Section        0  llushr.o(.text)
    i.ASCII_NUM                              0x08000898   Section        0  font_16x16.o(i.ASCII_NUM)
    i.BusFault_Handler                       0x080008b0   Section        0  stm32f4xx_it.o(i.BusFault_Handler)
    i.Crc16                                  0x080008b4   Section        0  hp6.o(i.Crc16)
    i.DebugMon_Handler                       0x080008e4   Section        0  stm32f4xx_it.o(i.DebugMon_Handler)
    i.Delay_1us                              0x080008e6   Section        0  delay.o(i.Delay_1us)
    i.Delay_ms                               0x08000a38   Section        0  delay.o(i.Delay_ms)
    i.Delay_us                               0x08000a5c   Section        0  delay.o(i.Delay_us)
    i.DetectorNewStep                        0x08000a70   Section        0  mpu6050.o(i.DetectorNewStep)
    i.DetectorPeak                           0x08000c00   Section        0  mpu6050.o(i.DetectorPeak)
    i.Display_Byte                           0x08000c94   Section        0  oled.o(i.Display_Byte)
    i.Display_CH                             0x08000ccc   Section        0  oled.o(i.Display_CH)
    i.Display_String                         0x08000d04   Section        0  oled.o(i.Display_String)
    i.HP_6_CloseBp                           0x08000db8   Section        0  hp6.o(i.HP_6_CloseBp)
    i.HP_6_CloseRate                         0x08000de4   Section        0  hp6.o(i.HP_6_CloseRate)
    i.HP_6_GetBpResult                       0x08000e10   Section        0  hp6.o(i.HP_6_GetBpResult)
    i.HP_6_GetRateResult                     0x08000e3c   Section        0  hp6.o(i.HP_6_GetRateResult)
    i.HP_6_GetResultData                     0x08000e68   Section        0  hp6.o(i.HP_6_GetResultData)
    i.HP_6_OpenBp                            0x08000e8c   Section        0  hp6.o(i.HP_6_OpenBp)
    i.HP_6_OpenRate                          0x08000eb8   Section        0  hp6.o(i.HP_6_OpenRate)
    i.HP_6_SendCmd                           0x08000ee4   Section        0  hp6.o(i.HP_6_SendCmd)
    i.HardFault_Handler                      0x08000f2a   Section        0  stm32f4xx_it.o(i.HardFault_Handler)
    i.Hp_6_I2CRead                           0x08000f2e   Section        0  hp6.o(i.Hp_6_I2CRead)
    i.Hp_6_I2CWrite                          0x08000f72   Section        0  hp6.o(i.Hp_6_I2CWrite)
    i.Hp_6_init                              0x08000fac   Section        0  hp6.o(i.Hp_6_init)
    i.IIC_ack                                0x0800100c   Section        0  iic.o(i.IIC_ack)
    i.IIC_init                               0x0800107c   Section        0  iic.o(i.IIC_init)
    i.IIC_nAck                               0x08001130   Section        0  iic.o(i.IIC_nAck)
    i.IIC_readByte                           0x080011a0   Section        0  iic.o(i.IIC_readByte)
    i.IIC_sendByte                           0x08001230   Section        0  iic.o(i.IIC_sendByte)
    i.IIC_start                              0x080012b4   Section        0  iic.o(i.IIC_start)
    i.IIC_stop                               0x080012ec   Section        0  iic.o(i.IIC_stop)
    i.IIC_waitAck                            0x08001338   Section        0  iic.o(i.IIC_waitAck)
    i.Led_Init                               0x080013a0   Section        0  led.o(i.Led_Init)
    i.MPU6050_Init                           0x08001450   Section        0  mpu6050.o(i.MPU6050_Init)
    i.MPU6050_Init_Check                     0x08001820   Section        0  mpu6050.o(i.MPU6050_Init_Check)
    i.MPU_Read_Data                          0x08001848   Section        0  mpu6050.o(i.MPU_Read_Data)
    i.MY_NVIC_Init                           0x08001a4c   Section        0  sys.o(i.MY_NVIC_Init)
    i.MY_NVIC_PriorityGroupConfig            0x08001ac4   Section        0  sys.o(i.MY_NVIC_PriorityGroupConfig)
    i.MemManage_Handler                      0x08001aec   Section        0  stm32f4xx_it.o(i.MemManage_Handler)
    i.NMI_Handler                            0x08001af0   Section        0  stm32f4xx_it.o(i.NMI_Handler)
    i.OLED_Clear                             0x08001af2   Section        0  oled.o(i.OLED_Clear)
    i.OLED_Init                              0x08001b1c   Section        0  oled.o(i.OLED_Init)
    i.OLED_SendCmd                           0x08001c04   Section        0  oled.o(i.OLED_SendCmd)
    i.OLED_SendData                          0x08001c3c   Section        0  oled.o(i.OLED_SendData)
    i.OLED_Set_xy                            0x08001c74   Section        0  oled.o(i.OLED_Set_xy)
    i.Oled_Delay                             0x08001c98   Section        0  oled.o(i.Oled_Delay)
    i.Oled_Init                              0x08001cbc   Section        0  oled.o(i.Oled_Init)
    i.Peak_Valley_Thread                     0x08001e20   Section        0  mpu6050.o(i.Peak_Valley_Thread)
    i.PendSV_Handler                         0x08001e9c   Section        0  stm32f4xx_it.o(i.PendSV_Handler)
    i.RTC_Alarm_IRQHandler                   0x08001ea0   Section        0  rtc.o(i.RTC_Alarm_IRQHandler)
    i.RTC_BCD2DEC                            0x08001ee0   Section        0  rtc.o(i.RTC_BCD2DEC)
    i.RTC_DEC2BCD                            0x08001ef6   Section        0  rtc.o(i.RTC_DEC2BCD)
    i.RTC_Get_Date                           0x08001f14   Section        0  rtc.o(i.RTC_Get_Date)
    i.RTC_Get_Time                           0x08001f58   Section        0  rtc.o(i.RTC_Get_Time)
    i.RTC_Init                               0x08001f9c   Section        0  rtc.o(i.RTC_Init)
    i.RTC_Init_Mode                          0x08002090   Section        0  rtc.o(i.RTC_Init_Mode)
    i.RTC_Read_BKR                           0x080020d0   Section        0  rtc.o(i.RTC_Read_BKR)
    i.RTC_Set_Date                           0x080020e4   Section        0  rtc.o(i.RTC_Set_Date)
    i.RTC_Set_Time                           0x08002148   Section        0  rtc.o(i.RTC_Set_Time)
    i.RTC_Set_WakeUp                         0x080021ac   Section        0  rtc.o(i.RTC_Set_WakeUp)
    i.RTC_WKUP_IRQHandler                    0x08002268   Section        0  rtc.o(i.RTC_WKUP_IRQHandler)
    i.RTC_Wait_Synchro                       0x08002294   Section        0  rtc.o(i.RTC_Wait_Synchro)
    i.RTC_Write_BKR                          0x080022dc   Section        0  rtc.o(i.RTC_Write_BKR)
    i.SHT20_Rh                               0x080022ec   Section        0  sht20.o(i.SHT20_Rh)
    i.SHT20_Tem                              0x0800241c   Section        0  sht20.o(i.SHT20_Tem)
    i.SPI1_Receive_SendByte                  0x08002548   Section        0  oled.o(i.SPI1_Receive_SendByte)
    i.SVC_Handler                            0x08002578   Section        0  stm32f4xx_it.o(i.SVC_Handler)
    i.SetSysClock                            0x0800257c   Section        0  system_stm32f4xx.o(i.SetSysClock)
    SetSysClock                              0x0800257d   Thumb Code   138  system_stm32f4xx.o(i.SetSysClock)
    i.SysTick_Handler                        0x08002618   Section        0  stm32f4xx_it.o(i.SysTick_Handler)
    i.SystemInit                             0x0800268c   Section        0  system_stm32f4xx.o(i.SystemInit)
    i.USART1_IRQHandler                      0x080026f4   Section        0  usart.o(i.USART1_IRQHandler)
    i.UsageFault_Handler                     0x080026f6   Section        0  stm32f4xx_it.o(i.UsageFault_Handler)
    i.Usart_Init                             0x080026fc   Section        0  usart.o(i.Usart_Init)
    i.__0printf                              0x0800282c   Section        0  printfa.o(i.__0printf)
    i.__0sprintf                             0x0800284c   Section        0  printfa.o(i.__0sprintf)
    i.__hardfp_sqrt                          0x08002874   Section        0  sqrt.o(i.__hardfp_sqrt)
    i.__scatterload_copy                     0x080028ee   Section       14  handlers.o(i.__scatterload_copy)
    i.__scatterload_null                     0x080028fc   Section        2  handlers.o(i.__scatterload_null)
    i.__scatterload_zeroinit                 0x080028fe   Section       14  handlers.o(i.__scatterload_zeroinit)
    i.__set_errno                            0x0800290c   Section        0  errno.o(i.__set_errno)
    i._fp_digits                             0x08002918   Section        0  printfa.o(i._fp_digits)
    _fp_digits                               0x08002919   Thumb Code   366  printfa.o(i._fp_digits)
    i._printf_core                           0x08002a9c   Section        0  printfa.o(i._printf_core)
    _printf_core                             0x08002a9d   Thumb Code  1744  printfa.o(i._printf_core)
    i._printf_post_padding                   0x08003178   Section        0  printfa.o(i._printf_post_padding)
    _printf_post_padding                     0x08003179   Thumb Code    36  printfa.o(i._printf_post_padding)
    i._printf_pre_padding                    0x0800319c   Section        0  printfa.o(i._printf_pre_padding)
    _printf_pre_padding                      0x0800319d   Thumb Code    46  printfa.o(i._printf_pre_padding)
    i._sputc                                 0x080031ca   Section        0  printfa.o(i._sputc)
    _sputc                                   0x080031cb   Thumb Code    10  printfa.o(i._sputc)
    i.averageValue                           0x080031d4   Section        0  mpu6050.o(i.averageValue)
    i.fputc                                  0x080032b0   Section        0  usart.o(i.fputc)
    i.main                                   0x080032cc   Section        0  main.o(i.main)
    i.onSensorChanged                        0x080036e8   Section        0  mpu6050.o(i.onSensorChanged)
    .constdata                               0x0800377c   Section     1584  font_16x16.o(.constdata)
    .constdata                               0x08003dac   Section      728  hp6.o(.constdata)
    .data                                    0x20000000   Section       40  main.o(.data)
    .data                                    0x20000028   Section        8  delay.o(.data)
    .data                                    0x20000030   Section        8  oled.o(.data)
    .data                                    0x20000038   Section      101  font_16x16.o(.data)
    .data                                    0x200000a0   Section       24  sht20.o(.data)
    .data                                    0x200000b8   Section       88  mpu6050.o(.data)
    stepTempCount                            0x200000f4   Data           1  mpu6050.o(.data)
    .data                                    0x20000110   Section        4  stdout.o(.data)
    .data                                    0x20000114   Section        4  errno.o(.data)
    _errno                                   0x20000114   Data           4  errno.o(.data)
    .bss                                     0x20000118   Section       30  sht20.o(.bss)
    .bss                                     0x20000138   Section       52  mpu6050.o(.bss)
    .bss                                     0x2000016c   Section       48  hp6.o(.bss)
    tx_buf                                   0x2000016c   Data          24  hp6.o(.bss)
    rx_buf                                   0x20000184   Data          24  hp6.o(.bss)
    STACK                                    0x200001a0   Section     1024  startup_stm32f411xe.o(STACK)

    Global Symbols

    Symbol Name                              Value     Ov Type        Size  Object(Section)

    BuildAttributes$$THM_ISAv4$E$P$D$K$B$S$7EM$VFPi3$EXTD16$VFPS$VFMA$PE$A:L22UL41UL21$X:L11$S22US41US21$IEEE1$IW$USESV6$~STKCKD$USESV7$~SHL$OTIME$ROPI$IEEEJ$EBA8$MICROLIB$REQ8$PRES8$EABIv2 0x00000000   Number         0  anon$$obj.o ABSOLUTE
    __ARM_use_no_argv                        0x00000000   Number         0  main.o ABSOLUTE
    _printf_a                                0x00000000   Number         0  stubs.o ABSOLUTE
    _printf_c                                0x00000000   Number         0  stubs.o ABSOLUTE
    _printf_charcount                        0x00000000   Number         0  stubs.o ABSOLUTE
    _printf_d                                0x00000000   Number         0  stubs.o ABSOLUTE
    _printf_e                                0x00000000   Number         0  stubs.o ABSOLUTE
    _printf_f                                0x00000000   Number         0  stubs.o ABSOLUTE
    _printf_flags                            0x00000000   Number         0  stubs.o ABSOLUTE
    _printf_fp_dec                           0x00000000   Number         0  stubs.o ABSOLUTE
    _printf_fp_hex                           0x00000000   Number         0  stubs.o ABSOLUTE
    _printf_g                                0x00000000   Number         0  stubs.o ABSOLUTE
    _printf_i                                0x00000000   Number         0  stubs.o ABSOLUTE
    _printf_int_dec                          0x00000000   Number         0  stubs.o ABSOLUTE
    _printf_l                                0x00000000   Number         0  stubs.o ABSOLUTE
    _printf_lc                               0x00000000   Number         0  stubs.o ABSOLUTE
    _printf_ll                               0x00000000   Number         0  stubs.o ABSOLUTE
    _printf_lld                              0x00000000   Number         0  stubs.o ABSOLUTE
    _printf_lli                              0x00000000   Number         0  stubs.o ABSOLUTE
    _printf_llo                              0x00000000   Number         0  stubs.o ABSOLUTE
    _printf_llu                              0x00000000   Number         0  stubs.o ABSOLUTE
    _printf_llx                              0x00000000   Number         0  stubs.o ABSOLUTE
    _printf_longlong_dec                     0x00000000   Number         0  stubs.o ABSOLUTE
    _printf_longlong_hex                     0x00000000   Number         0  stubs.o ABSOLUTE
    _printf_longlong_oct                     0x00000000   Number         0  stubs.o ABSOLUTE
    _printf_ls                               0x00000000   Number         0  stubs.o ABSOLUTE
    _printf_mbtowc                           0x00000000   Number         0  stubs.o ABSOLUTE
    _printf_n                                0x00000000   Number         0  stubs.o ABSOLUTE
    _printf_o                                0x00000000   Number         0  stubs.o ABSOLUTE
    _printf_p                                0x00000000   Number         0  stubs.o ABSOLUTE
    _printf_percent                          0x00000000   Number         0  stubs.o ABSOLUTE
    _printf_pre_padding                      0x00000000   Number         0  stubs.o ABSOLUTE
    _printf_return_value                     0x00000000   Number         0  stubs.o ABSOLUTE
    _printf_s                                0x00000000   Number         0  stubs.o ABSOLUTE
    _printf_sizespec                         0x00000000   Number         0  stubs.o ABSOLUTE
    _printf_str                              0x00000000   Number         0  stubs.o ABSOLUTE
    _printf_truncate_signed                  0x00000000   Number         0  stubs.o ABSOLUTE
    _printf_truncate_unsigned                0x00000000   Number         0  stubs.o ABSOLUTE
    _printf_u                                0x00000000   Number         0  stubs.o ABSOLUTE
    _printf_wc                               0x00000000   Number         0  stubs.o ABSOLUTE
    _printf_wctomb                           0x00000000   Number         0  stubs.o ABSOLUTE
    _printf_widthprec                        0x00000000   Number         0  stubs.o ABSOLUTE
    _printf_x                                0x00000000   Number         0  stubs.o ABSOLUTE
    __cpp_initialize__aeabi_                  - Undefined Weak Reference
    __cxa_finalize                            - Undefined Weak Reference
    __decompress                              - Undefined Weak Reference
    _clock_init                               - Undefined Weak Reference
    _microlib_exit                            - Undefined Weak Reference
    __Vectors_Size                           0x00000198   Number         0  startup_stm32f411xe.o ABSOLUTE
    __Vectors                                0x08000000   Data           4  startup_stm32f411xe.o(RESET)
    __Vectors_End                            0x08000198   Data           0  startup_stm32f411xe.o(RESET)
    __main                                   0x08000199   Thumb Code     0  entry.o(.ARM.Collect$$$$00000000)
    _main_stk                                0x08000199   Thumb Code     0  entry2.o(.ARM.Collect$$$$00000001)
    _main_scatterload                        0x0800019d   Thumb Code     0  entry5.o(.ARM.Collect$$$$00000004)
    __main_after_scatterload                 0x080001a1   Thumb Code     0  entry5.o(.ARM.Collect$$$$00000004)
    _main_clock                              0x080001a1   Thumb Code     0  entry7b.o(.ARM.Collect$$$$00000008)
    _main_cpp_init                           0x080001a1   Thumb Code     0  entry8b.o(.ARM.Collect$$$$0000000A)
    _main_init                               0x080001a1   Thumb Code     0  entry9a.o(.ARM.Collect$$$$0000000B)
    __rt_final_cpp                           0x080001a9   Thumb Code     0  entry10a.o(.ARM.Collect$$$$0000000D)
    __rt_final_exit                          0x080001a9   Thumb Code     0  entry11a.o(.ARM.Collect$$$$0000000F)
    Reset_Handler                            0x080001ad   Thumb Code     8  startup_stm32f411xe.o(.text)
    ADC_IRQHandler                           0x080001c7   Thumb Code     0  startup_stm32f411xe.o(.text)
    DMA1_Stream0_IRQHandler                  0x080001c7   Thumb Code     0  startup_stm32f411xe.o(.text)
    DMA1_Stream1_IRQHandler                  0x080001c7   Thumb Code     0  startup_stm32f411xe.o(.text)
    DMA1_Stream2_IRQHandler                  0x080001c7   Thumb Code     0  startup_stm32f411xe.o(.text)
    DMA1_Stream3_IRQHandler                  0x080001c7   Thumb Code     0  startup_stm32f411xe.o(.text)
    DMA1_Stream4_IRQHandler                  0x080001c7   Thumb Code     0  startup_stm32f411xe.o(.text)
    DMA1_Stream5_IRQHandler                  0x080001c7   Thumb Code     0  startup_stm32f411xe.o(.text)
    DMA1_Stream6_IRQHandler                  0x080001c7   Thumb Code     0  startup_stm32f411xe.o(.text)
    DMA1_Stream7_IRQHandler                  0x080001c7   Thumb Code     0  startup_stm32f411xe.o(.text)
    DMA2_Stream0_IRQHandler                  0x080001c7   Thumb Code     0  startup_stm32f411xe.o(.text)
    DMA2_Stream1_IRQHandler                  0x080001c7   Thumb Code     0  startup_stm32f411xe.o(.text)
    DMA2_Stream2_IRQHandler                  0x080001c7   Thumb Code     0  startup_stm32f411xe.o(.text)
    DMA2_Stream3_IRQHandler                  0x080001c7   Thumb Code     0  startup_stm32f411xe.o(.text)
    DMA2_Stream4_IRQHandler                  0x080001c7   Thumb Code     0  startup_stm32f411xe.o(.text)
    DMA2_Stream5_IRQHandler                  0x080001c7   Thumb Code     0  startup_stm32f411xe.o(.text)
    DMA2_Stream6_IRQHandler                  0x080001c7   Thumb Code     0  startup_stm32f411xe.o(.text)
    DMA2_Stream7_IRQHandler                  0x080001c7   Thumb Code     0  startup_stm32f411xe.o(.text)
    EXTI0_IRQHandler                         0x080001c7   Thumb Code     0  startup_stm32f411xe.o(.text)
    EXTI15_10_IRQHandler                     0x080001c7   Thumb Code     0  startup_stm32f411xe.o(.text)
    EXTI1_IRQHandler                         0x080001c7   Thumb Code     0  startup_stm32f411xe.o(.text)
    EXTI2_IRQHandler                         0x080001c7   Thumb Code     0  startup_stm32f411xe.o(.text)
    EXTI3_IRQHandler                         0x080001c7   Thumb Code     0  startup_stm32f411xe.o(.text)
    EXTI4_IRQHandler                         0x080001c7   Thumb Code     0  startup_stm32f411xe.o(.text)
    EXTI9_5_IRQHandler                       0x080001c7   Thumb Code     0  startup_stm32f411xe.o(.text)
    FLASH_IRQHandler                         0x080001c7   Thumb Code     0  startup_stm32f411xe.o(.text)
    FPU_IRQHandler                           0x080001c7   Thumb Code     0  startup_stm32f411xe.o(.text)
    I2C1_ER_IRQHandler                       0x080001c7   Thumb Code     0  startup_stm32f411xe.o(.text)
    I2C1_EV_IRQHandler                       0x080001c7   Thumb Code     0  startup_stm32f411xe.o(.text)
    I2C2_ER_IRQHandler                       0x080001c7   Thumb Code     0  startup_stm32f411xe.o(.text)
    I2C2_EV_IRQHandler                       0x080001c7   Thumb Code     0  startup_stm32f411xe.o(.text)
    I2C3_ER_IRQHandler                       0x080001c7   Thumb Code     0  startup_stm32f411xe.o(.text)
    I2C3_EV_IRQHandler                       0x080001c7   Thumb Code     0  startup_stm32f411xe.o(.text)
    OTG_FS_IRQHandler                        0x080001c7   Thumb Code     0  startup_stm32f411xe.o(.text)
    OTG_FS_WKUP_IRQHandler                   0x080001c7   Thumb Code     0  startup_stm32f411xe.o(.text)
    PVD_IRQHandler                           0x080001c7   Thumb Code     0  startup_stm32f411xe.o(.text)
    RCC_IRQHandler                           0x080001c7   Thumb Code     0  startup_stm32f411xe.o(.text)
    SDIO_IRQHandler                          0x080001c7   Thumb Code     0  startup_stm32f411xe.o(.text)
    SPI1_IRQHandler                          0x080001c7   Thumb Code     0  startup_stm32f411xe.o(.text)
    SPI2_IRQHandler                          0x080001c7   Thumb Code     0  startup_stm32f411xe.o(.text)
    SPI3_IRQHandler                          0x080001c7   Thumb Code     0  startup_stm32f411xe.o(.text)
    SPI4_IRQHandler                          0x080001c7   Thumb Code     0  startup_stm32f411xe.o(.text)
    SPI5_IRQHandler                          0x080001c7   Thumb Code     0  startup_stm32f411xe.o(.text)
    TAMP_STAMP_IRQHandler                    0x080001c7   Thumb Code     0  startup_stm32f411xe.o(.text)
    TIM1_BRK_TIM9_IRQHandler                 0x080001c7   Thumb Code     0  startup_stm32f411xe.o(.text)
    TIM1_CC_IRQHandler                       0x080001c7   Thumb Code     0  startup_stm32f411xe.o(.text)
    TIM1_TRG_COM_TIM11_IRQHandler            0x080001c7   Thumb Code     0  startup_stm32f411xe.o(.text)
    TIM1_UP_TIM10_IRQHandler                 0x080001c7   Thumb Code     0  startup_stm32f411xe.o(.text)
    TIM2_IRQHandler                          0x080001c7   Thumb Code     0  startup_stm32f411xe.o(.text)
    TIM3_IRQHandler                          0x080001c7   Thumb Code     0  startup_stm32f411xe.o(.text)
    TIM4_IRQHandler                          0x080001c7   Thumb Code     0  startup_stm32f411xe.o(.text)
    TIM5_IRQHandler                          0x080001c7   Thumb Code     0  startup_stm32f411xe.o(.text)
    USART2_IRQHandler                        0x080001c7   Thumb Code     0  startup_stm32f411xe.o(.text)
    USART6_IRQHandler                        0x080001c7   Thumb Code     0  startup_stm32f411xe.o(.text)
    WWDG_IRQHandler                          0x080001c7   Thumb Code     0  startup_stm32f411xe.o(.text)
    __aeabi_dadd                             0x080001d1   Thumb Code   322  dadd.o(.text)
    __aeabi_dsub                             0x08000313   Thumb Code     6  dadd.o(.text)
    __aeabi_drsub                            0x08000319   Thumb Code     6  dadd.o(.text)
    __aeabi_dmul                             0x0800031f   Thumb Code   228  dmul.o(.text)
    __aeabi_ddiv                             0x08000403   Thumb Code   222  ddiv.o(.text)
    __aeabi_ui2d                             0x080004e1   Thumb Code    26  dfltui.o(.text)
    __aeabi_f2d                              0x080004fb   Thumb Code    38  f2d.o(.text)
    __aeabi_d2f                              0x08000521   Thumb Code    56  d2f.o(.text)
    __aeabi_uidiv                            0x08000559   Thumb Code     0  uidiv.o(.text)
    __aeabi_uidivmod                         0x08000559   Thumb Code    44  uidiv.o(.text)
    __aeabi_uldivmod                         0x08000585   Thumb Code    98  uldiv.o(.text)
    __aeabi_llsl                             0x080005e7   Thumb Code    30  llshl.o(.text)
    _ll_shift_l                              0x080005e7   Thumb Code     0  llshl.o(.text)
    __aeabi_lasr                             0x08000605   Thumb Code    36  llsshr.o(.text)
    _ll_sshift_r                             0x08000605   Thumb Code     0  llsshr.o(.text)
    __I$use$fp                               0x08000629   Thumb Code     0  iusefp.o(.text)
    _float_round                             0x08000629   Thumb Code    18  fepilogue.o(.text)
    _float_epilogue                          0x0800063b   Thumb Code    92  fepilogue.o(.text)
    _double_round                            0x08000697   Thumb Code    30  depilogue.o(.text)
    _double_epilogue                         0x080006b5   Thumb Code   156  depilogue.o(.text)
    _dsqrt                                   0x08000751   Thumb Code   162  dsqrt.o(.text)
    __aeabi_d2ulz                            0x080007f3   Thumb Code    48  dfixul.o(.text)
    __aeabi_cdrcmple                         0x08000825   Thumb Code    48  cdrcmple.o(.text)
    __scatterload                            0x08000855   Thumb Code    28  init.o(.text)
    __scatterload_rt2                        0x08000855   Thumb Code     0  init.o(.text)
    __aeabi_llsr                             0x08000879   Thumb Code    32  llushr.o(.text)
    _ll_ushift_r                             0x08000879   Thumb Code     0  llushr.o(.text)
    ASCII_NUM                                0x08000899   Thumb Code    18  font_16x16.o(i.ASCII_NUM)
    BusFault_Handler                         0x080008b1   Thumb Code     4  stm32f4xx_it.o(i.BusFault_Handler)
    Crc16                                    0x080008b5   Thumb Code    42  hp6.o(i.Crc16)
    DebugMon_Handler                         0x080008e5   Thumb Code     2  stm32f4xx_it.o(i.DebugMon_Handler)
    Delay_1us                                0x080008e7   Thumb Code   338  delay.o(i.Delay_1us)
    Delay_ms                                 0x08000a39   Thumb Code    30  delay.o(i.Delay_ms)
    Delay_us                                 0x08000a5d   Thumb Code    18  delay.o(i.Delay_us)
    DetectorNewStep                          0x08000a71   Thumb Code   344  mpu6050.o(i.DetectorNewStep)
    DetectorPeak                             0x08000c01   Thumb Code   124  mpu6050.o(i.DetectorPeak)
    Display_Byte                             0x08000c95   Thumb Code    56  oled.o(i.Display_Byte)
    Display_CH                               0x08000ccd   Thumb Code    56  oled.o(i.Display_CH)
    Display_String                           0x08000d05   Thumb Code   164  oled.o(i.Display_String)
    HP_6_CloseBp                             0x08000db9   Thumb Code    30  hp6.o(i.HP_6_CloseBp)
    HP_6_CloseRate                           0x08000de5   Thumb Code    30  hp6.o(i.HP_6_CloseRate)
    HP_6_GetBpResult                         0x08000e11   Thumb Code    30  hp6.o(i.HP_6_GetBpResult)
    HP_6_GetRateResult                       0x08000e3d   Thumb Code    30  hp6.o(i.HP_6_GetRateResult)
    HP_6_GetResultData                       0x08000e69   Thumb Code    32  hp6.o(i.HP_6_GetResultData)
    HP_6_OpenBp                              0x08000e8d   Thumb Code    30  hp6.o(i.HP_6_OpenBp)
    HP_6_OpenRate                            0x08000eb9   Thumb Code    30  hp6.o(i.HP_6_OpenRate)
    HP_6_SendCmd                             0x08000ee5   Thumb Code    70  hp6.o(i.HP_6_SendCmd)
    HardFault_Handler                        0x08000f2b   Thumb Code     4  stm32f4xx_it.o(i.HardFault_Handler)
    Hp_6_I2CRead                             0x08000f2f   Thumb Code    68  hp6.o(i.Hp_6_I2CRead)
    Hp_6_I2CWrite                            0x08000f73   Thumb Code    58  hp6.o(i.Hp_6_I2CWrite)
    Hp_6_init                                0x08000fad   Thumb Code    86  hp6.o(i.Hp_6_init)
    IIC_ack                                  0x0800100d   Thumb Code   106  iic.o(i.IIC_ack)
    IIC_init                                 0x0800107d   Thumb Code   170  iic.o(i.IIC_init)
    IIC_nAck                                 0x08001131   Thumb Code   108  iic.o(i.IIC_nAck)
    IIC_readByte                             0x080011a1   Thumb Code   138  iic.o(i.IIC_readByte)
    IIC_sendByte                             0x08001231   Thumb Code   126  iic.o(i.IIC_sendByte)
    IIC_start                                0x080012b5   Thumb Code    50  iic.o(i.IIC_start)
    IIC_stop                                 0x080012ed   Thumb Code    70  iic.o(i.IIC_stop)
    IIC_waitAck                              0x08001339   Thumb Code    98  iic.o(i.IIC_waitAck)
    Led_Init                                 0x080013a1   Thumb Code   164  led.o(i.Led_Init)
    MPU6050_Init                             0x08001451   Thumb Code   974  mpu6050.o(i.MPU6050_Init)
    MPU6050_Init_Check                       0x08001821   Thumb Code    32  mpu6050.o(i.MPU6050_Init_Check)
    MPU_Read_Data                            0x08001849   Thumb Code   456  mpu6050.o(i.MPU_Read_Data)
    MY_NVIC_Init                             0x08001a4d   Thumb Code   116  sys.o(i.MY_NVIC_Init)
    MY_NVIC_PriorityGroupConfig              0x08001ac5   Thumb Code    32  sys.o(i.MY_NVIC_PriorityGroupConfig)
    MemManage_Handler                        0x08001aed   Thumb Code     4  stm32f4xx_it.o(i.MemManage_Handler)
    NMI_Handler                              0x08001af1   Thumb Code     2  stm32f4xx_it.o(i.NMI_Handler)
    OLED_Clear                               0x08001af3   Thumb Code    42  oled.o(i.OLED_Clear)
    OLED_Init                                0x08001b1d   Thumb Code   228  oled.o(i.OLED_Init)
    OLED_SendCmd                             0x08001c05   Thumb Code    48  oled.o(i.OLED_SendCmd)
    OLED_SendData                            0x08001c3d   Thumb Code    48  oled.o(i.OLED_SendData)
    OLED_Set_xy                              0x08001c75   Thumb Code    36  oled.o(i.OLED_Set_xy)
    Oled_Delay                               0x08001c99   Thumb Code    32  oled.o(i.Oled_Delay)
    Oled_Init                                0x08001cbd   Thumb Code   330  oled.o(i.Oled_Init)
    Peak_Valley_Thread                       0x08001e21   Thumb Code   110  mpu6050.o(i.Peak_Valley_Thread)
    PendSV_Handler                           0x08001e9d   Thumb Code     2  stm32f4xx_it.o(i.PendSV_Handler)
    RTC_Alarm_IRQHandler                     0x08001ea1   Thumb Code    44  rtc.o(i.RTC_Alarm_IRQHandler)
    RTC_BCD2DEC                              0x08001ee1   Thumb Code    22  rtc.o(i.RTC_BCD2DEC)
    RTC_DEC2BCD                              0x08001ef7   Thumb Code    28  rtc.o(i.RTC_DEC2BCD)
    RTC_Get_Date                             0x08001f15   Thumb Code    64  rtc.o(i.RTC_Get_Date)
    RTC_Get_Time                             0x08001f59   Thumb Code    64  rtc.o(i.RTC_Get_Time)
    RTC_Init                                 0x08001f9d   Thumb Code   230  rtc.o(i.RTC_Init)
    RTC_Init_Mode                            0x08002091   Thumb Code    58  rtc.o(i.RTC_Init_Mode)
    RTC_Read_BKR                             0x080020d1   Thumb Code    14  rtc.o(i.RTC_Read_BKR)
    RTC_Set_Date                             0x080020e5   Thumb Code    96  rtc.o(i.RTC_Set_Date)
    RTC_Set_Time                             0x08002149   Thumb Code    96  rtc.o(i.RTC_Set_Time)
    RTC_Set_WakeUp                           0x080021ad   Thumb Code   178  rtc.o(i.RTC_Set_WakeUp)
    RTC_WKUP_IRQHandler                      0x08002269   Thumb Code    36  rtc.o(i.RTC_WKUP_IRQHandler)
    RTC_Wait_Synchro                         0x08002295   Thumb Code    64  rtc.o(i.RTC_Wait_Synchro)
    RTC_Write_BKR                            0x080022dd   Thumb Code    12  rtc.o(i.RTC_Write_BKR)
    SHT20_Rh                                 0x080022ed   Thumb Code   246  sht20.o(i.SHT20_Rh)
    SHT20_Tem                                0x0800241d   Thumb Code   246  sht20.o(i.SHT20_Tem)
    SPI1_Receive_SendByte                    0x08002549   Thumb Code    42  oled.o(i.SPI1_Receive_SendByte)
    SVC_Handler                              0x08002579   Thumb Code     2  stm32f4xx_it.o(i.SVC_Handler)
    SysTick_Handler                          0x08002619   Thumb Code    88  stm32f4xx_it.o(i.SysTick_Handler)
    SystemInit                               0x0800268d   Thumb Code    88  system_stm32f4xx.o(i.SystemInit)
    USART1_IRQHandler                        0x080026f5   Thumb Code     2  usart.o(i.USART1_IRQHandler)
    UsageFault_Handler                       0x080026f7   Thumb Code     4  stm32f4xx_it.o(i.UsageFault_Handler)
    Usart_Init                               0x080026fd   Thumb Code   280  usart.o(i.Usart_Init)
    __0printf                                0x0800282d   Thumb Code    22  printfa.o(i.__0printf)
    __1printf                                0x0800282d   Thumb Code     0  printfa.o(i.__0printf)
    __2printf                                0x0800282d   Thumb Code     0  printfa.o(i.__0printf)
    __c89printf                              0x0800282d   Thumb Code     0  printfa.o(i.__0printf)
    printf                                   0x0800282d   Thumb Code     0  printfa.o(i.__0printf)
    __0sprintf                               0x0800284d   Thumb Code    34  printfa.o(i.__0sprintf)
    __1sprintf                               0x0800284d   Thumb Code     0  printfa.o(i.__0sprintf)
    __2sprintf                               0x0800284d   Thumb Code     0  printfa.o(i.__0sprintf)
    __c89sprintf                             0x0800284d   Thumb Code     0  printfa.o(i.__0sprintf)
    sprintf                                  0x0800284d   Thumb Code     0  printfa.o(i.__0sprintf)
    __hardfp_sqrt                            0x08002875   Thumb Code   122  sqrt.o(i.__hardfp_sqrt)
    __scatterload_copy                       0x080028ef   Thumb Code    14  handlers.o(i.__scatterload_copy)
    __scatterload_null                       0x080028fd   Thumb Code     2  handlers.o(i.__scatterload_null)
    __scatterload_zeroinit                   0x080028ff   Thumb Code    14  handlers.o(i.__scatterload_zeroinit)
    __set_errno                              0x0800290d   Thumb Code     6  errno.o(i.__set_errno)
    averageValue                             0x080031d5   Thumb Code   200  mpu6050.o(i.averageValue)
    fputc                                    0x080032b1   Thumb Code    24  usart.o(i.fputc)
    main                                     0x080032cd   Thumb Code   796  main.o(i.main)
    onSensorChanged                          0x080036e9   Thumb Code   138  mpu6050.o(i.onSensorChanged)
    ASCII_16X8                               0x0800377c   Data        1488  font_16x16.o(.constdata)
    CH                                       0x08003d4c   Data          96  font_16x16.o(.constdata)
    crc16_tab                                0x08003dac   Data         512  hp6.o(.constdata)
    cmd_bp_open                              0x08003fac   Data          24  hp6.o(.constdata)
    cmd_bp_close                             0x08003fc4   Data          24  hp6.o(.constdata)
    cmd_bp_result                            0x08003fdc   Data          24  hp6.o(.constdata)
    cmd_rate_open                            0x08003ff4   Data          24  hp6.o(.constdata)
    cmd_rate_close                           0x0800400c   Data          24  hp6.o(.constdata)
    cmd_rate_result                          0x08004024   Data          24  hp6.o(.constdata)
    cmd_get_adc                              0x0800403c   Data          24  hp6.o(.constdata)
    cmd_set_powersaving                      0x08004054   Data          24  hp6.o(.constdata)
    cmd_get_version                          0x0800406c   Data          24  hp6.o(.constdata)
    Region$$Table$$Base                      0x08004084   Number         0  anon$$obj.o(Region$$Table)
    Region$$Table$$Limit                     0x080040a4   Number         0  anon$$obj.o(Region$$Table)
    sht_run                                  0x20000000   Data           8  main.o(.data)
    rtc_run                                  0x20000008   Data           8  main.o(.data)
    hp_xl_run                                0x20000010   Data           8  main.o(.data)
    hp_xy_run                                0x20000018   Data           8  main.o(.data)
    step_run                                 0x20000020   Data           8  main.o(.data)
    sys_time                                 0x20000028   Data           8  delay.o(.data)
    local_time                               0x20000030   Data           8  oled.o(.data)
    zf_inder                                 0x20000038   Data          94  font_16x16.o(.data)
    CH_inder                                 0x20000096   Data           7  font_16x16.o(.data)
    tem_buffr                                0x200000a0   Data           5  sht20.o(.data)
    Rh_buffr                                 0x200000a5   Data           5  sht20.o(.data)
    tem1                                     0x200000aa   Data           2  sht20.o(.data)
    rh1                                      0x200000ac   Data           2  sht20.o(.data)
    tem                                      0x200000b0   Data           4  sht20.o(.data)
    rh                                       0x200000b4   Data           4  sht20.o(.data)
    acce_value                               0x200000b8   Data           6  mpu6050.o(.data)
    gyro_value                               0x200000be   Data           6  mpu6050.o(.data)
    MPU_Value_AX                             0x200000c4   Data           2  mpu6050.o(.data)
    MPU_Value_AY                             0x200000c6   Data           2  mpu6050.o(.data)
    MPU_Value_AZ                             0x200000c8   Data           2  mpu6050.o(.data)
    MPU_Value_GX                             0x200000ca   Data           2  mpu6050.o(.data)
    MPU_Value_GY                             0x200000cc   Data           2  mpu6050.o(.data)
    MPU_Value_GZ                             0x200000ce   Data           2  mpu6050.o(.data)
    hour                                     0x200000d0   Data           1  mpu6050.o(.data)
    min                                      0x200000d1   Data           1  mpu6050.o(.data)
    sec                                      0x200000d2   Data           1  mpu6050.o(.data)
    ampm                                     0x200000d3   Data           1  mpu6050.o(.data)
    timeStamp                                0x200000d4   Data           4  mpu6050.o(.data)
    gravityNew                               0x200000d8   Data           4  mpu6050.o(.data)
    gravityOld                               0x200000dc   Data           4  mpu6050.o(.data)
    timeOfNow                                0x200000e0   Data           4  mpu6050.o(.data)
    timeOfLastPeak                           0x200000e4   Data           4  mpu6050.o(.data)
    timeOfThisPeak                           0x200000e8   Data           4  mpu6050.o(.data)
    ThreadValue                              0x200000ec   Data           4  mpu6050.o(.data)
    peakOfWave                               0x200000f0   Data           4  mpu6050.o(.data)
    valleyOfWave                             0x200000f8   Data           4  mpu6050.o(.data)
    initialValue                             0x200000fc   Data           4  mpu6050.o(.data)
    isDirectionUp                            0x20000100   Data           1  mpu6050.o(.data)
    lastStatus                               0x20000101   Data           1  mpu6050.o(.data)
    continueUpCount                          0x20000104   Data           4  mpu6050.o(.data)
    continueUpFormerCount                    0x20000108   Data           4  mpu6050.o(.data)
    tempCount                                0x2000010c   Data           4  mpu6050.o(.data)
    __stdout                                 0x20000110   Data           4  stdout.o(.data)
    str                                      0x20000118   Data          30  sht20.o(.bss)
    accValue                                 0x20000138   Data          12  mpu6050.o(.bss)
    oriValues                                0x20000144   Data          12  mpu6050.o(.bss)
    walkInfo                                 0x20000150   Data          12  mpu6050.o(.bss)
    tempValue                                0x2000015c   Data          16  mpu6050.o(.bss)
    __initial_sp                             0x200005a0   Data           0  startup_stm32f411xe.o(STACK)



==============================================================================

Memory Map of the image

  Image Entry point : 0x08000199

  Load Region LR_IROM1 (Base: 0x08000000, Size: 0x000041bc, Max: 0x00080000, ABSOLUTE)

    Execution Region ER_IROM1 (Exec base: 0x08000000, Load base: 0x08000000, Size: 0x000040a4, Max: 0x00080000, ABSOLUTE)

    Exec Addr    Load Addr    Size         Type   Attr      Idx    E Section Name        Object

    0x08000000   0x08000000   0x00000198   Data   RO            3    RESET               startup_stm32f411xe.o
    0x08000198   0x08000198   0x00000000   Code   RO          987  * .ARM.Collect$$$$00000000  mc_w.l(entry.o)
    0x08000198   0x08000198   0x00000004   Code   RO         1263    .ARM.Collect$$$$00000001  mc_w.l(entry2.o)
    0x0800019c   0x0800019c   0x00000004   Code   RO         1266    .ARM.Collect$$$$00000004  mc_w.l(entry5.o)
    0x080001a0   0x080001a0   0x00000000   Code   RO         1268    .ARM.Collect$$$$00000008  mc_w.l(entry7b.o)
    0x080001a0   0x080001a0   0x00000000   Code   RO         1270    .ARM.Collect$$$$0000000A  mc_w.l(entry8b.o)
    0x080001a0   0x080001a0   0x00000008   Code   RO         1271    .ARM.Collect$$$$0000000B  mc_w.l(entry9a.o)
    0x080001a8   0x080001a8   0x00000000   Code   RO         1273    .ARM.Collect$$$$0000000D  mc_w.l(entry10a.o)
    0x080001a8   0x080001a8   0x00000000   Code   RO         1275    .ARM.Collect$$$$0000000F  mc_w.l(entry11a.o)
    0x080001a8   0x080001a8   0x00000004   Code   RO         1264    .ARM.Collect$$$$00002712  mc_w.l(entry2.o)
    0x080001ac   0x080001ac   0x00000024   Code   RO            4    .text               startup_stm32f411xe.o
    0x080001d0   0x080001d0   0x0000014e   Code   RO         1251    .text               mf_w.l(dadd.o)
    0x0800031e   0x0800031e   0x000000e4   Code   RO         1253    .text               mf_w.l(dmul.o)
    0x08000402   0x08000402   0x000000de   Code   RO         1255    .text               mf_w.l(ddiv.o)
    0x080004e0   0x080004e0   0x0000001a   Code   RO         1257    .text               mf_w.l(dfltui.o)
    0x080004fa   0x080004fa   0x00000026   Code   RO         1259    .text               mf_w.l(f2d.o)
    0x08000520   0x08000520   0x00000038   Code   RO         1261    .text               mf_w.l(d2f.o)
    0x08000558   0x08000558   0x0000002c   Code   RO         1278    .text               mc_w.l(uidiv.o)
    0x08000584   0x08000584   0x00000062   Code   RO         1280    .text               mc_w.l(uldiv.o)
    0x080005e6   0x080005e6   0x0000001e   Code   RO         1282    .text               mc_w.l(llshl.o)
    0x08000604   0x08000604   0x00000024   Code   RO         1284    .text               mc_w.l(llsshr.o)
    0x08000628   0x08000628   0x00000000   Code   RO         1293    .text               mc_w.l(iusefp.o)
    0x08000628   0x08000628   0x0000006e   Code   RO         1294    .text               mf_w.l(fepilogue.o)
    0x08000696   0x08000696   0x000000ba   Code   RO         1296    .text               mf_w.l(depilogue.o)
    0x08000750   0x08000750   0x000000a2   Code   RO         1298    .text               mf_w.l(dsqrt.o)
    0x080007f2   0x080007f2   0x00000030   Code   RO         1300    .text               mf_w.l(dfixul.o)
    0x08000822   0x08000822   0x00000002   PAD
    0x08000824   0x08000824   0x00000030   Code   RO         1304    .text               mf_w.l(cdrcmple.o)
    0x08000854   0x08000854   0x00000024   Code   RO         1306    .text               mc_w.l(init.o)
    0x08000878   0x08000878   0x00000020   Code   RO         1308    .text               mc_w.l(llushr.o)
    0x08000898   0x08000898   0x00000018   Code   RO          476    i.ASCII_NUM         font_16x16.o
    0x080008b0   0x080008b0   0x00000004   Code   RO           12    i.BusFault_Handler  stm32f4xx_it.o
    0x080008b4   0x080008b4   0x00000030   Code   RO          792    i.Crc16             hp6.o
    0x080008e4   0x080008e4   0x00000002   Code   RO           13    i.DebugMon_Handler  stm32f4xx_it.o
    0x080008e6   0x080008e6   0x00000152   Code   RO          304    i.Delay_1us         delay.o
    0x08000a38   0x08000a38   0x00000024   Code   RO          305    i.Delay_ms          delay.o
    0x08000a5c   0x08000a5c   0x00000012   Code   RO          307    i.Delay_us          delay.o
    0x08000a6e   0x08000a6e   0x00000002   PAD
    0x08000a70   0x08000a70   0x00000190   Code   RO          719    i.DetectorNewStep   mpu6050.o
    0x08000c00   0x08000c00   0x00000094   Code   RO          720    i.DetectorPeak      mpu6050.o
    0x08000c94   0x08000c94   0x00000038   Code   RO          382    i.Display_Byte      oled.o
    0x08000ccc   0x08000ccc   0x00000038   Code   RO          383    i.Display_CH        oled.o
    0x08000d04   0x08000d04   0x000000b4   Code   RO          384    i.Display_String    oled.o
    0x08000db8   0x08000db8   0x0000002c   Code   RO          793    i.HP_6_CloseBp      hp6.o
    0x08000de4   0x08000de4   0x0000002c   Code   RO          794    i.HP_6_CloseRate    hp6.o
    0x08000e10   0x08000e10   0x0000002c   Code   RO          797    i.HP_6_GetBpResult  hp6.o
    0x08000e3c   0x08000e3c   0x0000002c   Code   RO          798    i.HP_6_GetRateResult  hp6.o
    0x08000e68   0x08000e68   0x00000024   Code   RO          799    i.HP_6_GetResultData  hp6.o
    0x08000e8c   0x08000e8c   0x0000002c   Code   RO          800    i.HP_6_OpenBp       hp6.o
    0x08000eb8   0x08000eb8   0x0000002c   Code   RO          801    i.HP_6_OpenRate     hp6.o
    0x08000ee4   0x08000ee4   0x00000046   Code   RO          803    i.HP_6_SendCmd      hp6.o
    0x08000f2a   0x08000f2a   0x00000004   Code   RO           14    i.HardFault_Handler  stm32f4xx_it.o
    0x08000f2e   0x08000f2e   0x00000044   Code   RO          805    i.Hp_6_I2CRead      hp6.o
    0x08000f72   0x08000f72   0x0000003a   Code   RO          806    i.Hp_6_I2CWrite     hp6.o
    0x08000fac   0x08000fac   0x00000060   Code   RO          807    i.Hp_6_init         hp6.o
    0x0800100c   0x0800100c   0x00000070   Code   RO          915    i.IIC_ack           iic.o
    0x0800107c   0x0800107c   0x000000b4   Code   RO          916    i.IIC_init          iic.o
    0x08001130   0x08001130   0x00000070   Code   RO          917    i.IIC_nAck          iic.o
    0x080011a0   0x080011a0   0x00000090   Code   RO          918    i.IIC_readByte      iic.o
    0x08001230   0x08001230   0x00000084   Code   RO          919    i.IIC_sendByte      iic.o
    0x080012b4   0x080012b4   0x00000038   Code   RO          920    i.IIC_start         iic.o
    0x080012ec   0x080012ec   0x0000004c   Code   RO          921    i.IIC_stop          iic.o
    0x08001338   0x08001338   0x00000068   Code   RO          922    i.IIC_waitAck       iic.o
    0x080013a0   0x080013a0   0x000000b0   Code   RO          359    i.Led_Init          led.o
    0x08001450   0x08001450   0x000003ce   Code   RO          721    i.MPU6050_Init      mpu6050.o
    0x0800181e   0x0800181e   0x00000002   PAD
    0x08001820   0x08001820   0x00000028   Code   RO          722    i.MPU6050_Init_Check  mpu6050.o
    0x08001848   0x08001848   0x00000204   Code   RO          723    i.MPU_Read_Data     mpu6050.o
    0x08001a4c   0x08001a4c   0x00000078   Code   RO          211    i.MY_NVIC_Init      sys.o
    0x08001ac4   0x08001ac4   0x00000028   Code   RO          212    i.MY_NVIC_PriorityGroupConfig  sys.o
    0x08001aec   0x08001aec   0x00000004   Code   RO           15    i.MemManage_Handler  stm32f4xx_it.o
    0x08001af0   0x08001af0   0x00000002   Code   RO           16    i.NMI_Handler       stm32f4xx_it.o
    0x08001af2   0x08001af2   0x0000002a   Code   RO          385    i.OLED_Clear        oled.o
    0x08001b1c   0x08001b1c   0x000000e8   Code   RO          386    i.OLED_Init         oled.o
    0x08001c04   0x08001c04   0x00000038   Code   RO          387    i.OLED_SendCmd      oled.o
    0x08001c3c   0x08001c3c   0x00000038   Code   RO          388    i.OLED_SendData     oled.o
    0x08001c74   0x08001c74   0x00000024   Code   RO          389    i.OLED_Set_xy       oled.o
    0x08001c98   0x08001c98   0x00000024   Code   RO          390    i.Oled_Delay        oled.o
    0x08001cbc   0x08001cbc   0x00000164   Code   RO          391    i.Oled_Init         oled.o
    0x08001e20   0x08001e20   0x0000007c   Code   RO          724    i.Peak_Valley_Thread  mpu6050.o
    0x08001e9c   0x08001e9c   0x00000002   Code   RO           17    i.PendSV_Handler    stm32f4xx_it.o
    0x08001e9e   0x08001e9e   0x00000002   PAD
    0x08001ea0   0x08001ea0   0x00000040   Code   RO          599    i.RTC_Alarm_IRQHandler  rtc.o
    0x08001ee0   0x08001ee0   0x00000016   Code   RO          600    i.RTC_BCD2DEC       rtc.o
    0x08001ef6   0x08001ef6   0x0000001c   Code   RO          601    i.RTC_DEC2BCD       rtc.o
    0x08001f12   0x08001f12   0x00000002   PAD
    0x08001f14   0x08001f14   0x00000044   Code   RO          602    i.RTC_Get_Date      rtc.o
    0x08001f58   0x08001f58   0x00000044   Code   RO          603    i.RTC_Get_Time      rtc.o
    0x08001f9c   0x08001f9c   0x000000f4   Code   RO          605    i.RTC_Init          rtc.o
    0x08002090   0x08002090   0x00000040   Code   RO          606    i.RTC_Init_Mode     rtc.o
    0x080020d0   0x080020d0   0x00000014   Code   RO          607    i.RTC_Read_BKR      rtc.o
    0x080020e4   0x080020e4   0x00000064   Code   RO          609    i.RTC_Set_Date      rtc.o
    0x08002148   0x08002148   0x00000064   Code   RO          610    i.RTC_Set_Time      rtc.o
    0x080021ac   0x080021ac   0x000000bc   Code   RO          611    i.RTC_Set_WakeUp    rtc.o
    0x08002268   0x08002268   0x0000002c   Code   RO          612    i.RTC_WKUP_IRQHandler  rtc.o
    0x08002294   0x08002294   0x00000048   Code   RO          613    i.RTC_Wait_Synchro  rtc.o
    0x080022dc   0x080022dc   0x00000010   Code   RO          614    i.RTC_Write_BKR     rtc.o
    0x080022ec   0x080022ec   0x00000130   Code   RO          497    i.SHT20_Rh          sht20.o
    0x0800241c   0x0800241c   0x0000012c   Code   RO          498    i.SHT20_Tem         sht20.o
    0x08002548   0x08002548   0x00000030   Code   RO          393    i.SPI1_Receive_SendByte  oled.o
    0x08002578   0x08002578   0x00000002   Code   RO           18    i.SVC_Handler       stm32f4xx_it.o
    0x0800257a   0x0800257a   0x00000002   PAD
    0x0800257c   0x0800257c   0x0000009c   Code   RO          141    i.SetSysClock       system_stm32f4xx.o
    0x08002618   0x08002618   0x00000074   Code   RO           19    i.SysTick_Handler   stm32f4xx_it.o
    0x0800268c   0x0800268c   0x00000068   Code   RO          143    i.SystemInit        system_stm32f4xx.o
    0x080026f4   0x080026f4   0x00000002   Code   RO          538    i.USART1_IRQHandler  usart.o
    0x080026f6   0x080026f6   0x00000004   Code   RO           20    i.UsageFault_Handler  stm32f4xx_it.o
    0x080026fa   0x080026fa   0x00000002   PAD
    0x080026fc   0x080026fc   0x00000130   Code   RO          539    i.Usart_Init        usart.o
    0x0800282c   0x0800282c   0x00000020   Code   RO         1223    i.__0printf         mc_w.l(printfa.o)
    0x0800284c   0x0800284c   0x00000028   Code   RO         1225    i.__0sprintf        mc_w.l(printfa.o)
    0x08002874   0x08002874   0x0000007a   Code   RO          975    i.__hardfp_sqrt     m_wm.l(sqrt.o)
    0x080028ee   0x080028ee   0x0000000e   Code   RO         1312    i.__scatterload_copy  mc_w.l(handlers.o)
    0x080028fc   0x080028fc   0x00000002   Code   RO         1313    i.__scatterload_null  mc_w.l(handlers.o)
    0x080028fe   0x080028fe   0x0000000e   Code   RO         1314    i.__scatterload_zeroinit  mc_w.l(handlers.o)
    0x0800290c   0x0800290c   0x0000000c   Code   RO         1288    i.__set_errno       mc_w.l(errno.o)
    0x08002918   0x08002918   0x00000184   Code   RO         1230    i._fp_digits        mc_w.l(printfa.o)
    0x08002a9c   0x08002a9c   0x000006dc   Code   RO         1231    i._printf_core      mc_w.l(printfa.o)
    0x08003178   0x08003178   0x00000024   Code   RO         1232    i._printf_post_padding  mc_w.l(printfa.o)
    0x0800319c   0x0800319c   0x0000002e   Code   RO         1233    i._printf_pre_padding  mc_w.l(printfa.o)
    0x080031ca   0x080031ca   0x0000000a   Code   RO         1235    i._sputc            mc_w.l(printfa.o)
    0x080031d4   0x080031d4   0x000000dc   Code   RO          725    i.averageValue      mpu6050.o
    0x080032b0   0x080032b0   0x0000001c   Code   RO          543    i.fputc             usart.o
    0x080032cc   0x080032cc   0x0000041c   Code   RO          178    i.main              main.o
    0x080036e8   0x080036e8   0x00000094   Code   RO          726    i.onSensorChanged   mpu6050.o
    0x0800377c   0x0800377c   0x00000630   Data   RO          477    .constdata          font_16x16.o
    0x08003dac   0x08003dac   0x000002d8   Data   RO          809    .constdata          hp6.o
    0x08004084   0x08004084   0x00000020   Data   RO         1310    Region$$Table       anon$$obj.o


    Execution Region RW_IRAM1 (Exec base: 0x20000000, Load base: 0x080040a4, Size: 0x000005a0, Max: 0x00020000, ABSOLUTE)

    Exec Addr    Load Addr    Size         Type   Attr      Idx    E Section Name        Object

    0x20000000   0x080040a4   0x00000028   Data   RW          179    .data               main.o
    0x20000028   0x080040cc   0x00000008   Data   RW          308    .data               delay.o
    0x20000030   0x080040d4   0x00000008   Data   RW          394    .data               oled.o
    0x20000038   0x080040dc   0x00000065   Data   RW          478    .data               font_16x16.o
    0x2000009d   0x08004141   0x00000003   PAD
    0x200000a0   0x08004144   0x00000018   Data   RW          500    .data               sht20.o
    0x200000b8   0x0800415c   0x00000058   Data   RW          728    .data               mpu6050.o
    0x20000110   0x080041b4   0x00000004   Data   RW         1277    .data               mc_w.l(stdout.o)
    0x20000114   0x080041b8   0x00000004   Data   RW         1289    .data               mc_w.l(errno.o)
    0x20000118        -       0x0000001e   Zero   RW          499    .bss                sht20.o
    0x20000136   0x080041bc   0x00000002   PAD
    0x20000138        -       0x00000034   Zero   RW          727    .bss                mpu6050.o
    0x2000016c        -       0x00000030   Zero   RW          808    .bss                hp6.o
    0x2000019c   0x080041bc   0x00000004   PAD
    0x200001a0        -       0x00000400   Zero   RW            1    STACK               startup_stm32f411xe.o


==============================================================================

Image component sizes


      Code (inc. data)   RO Data    RW Data    ZI Data      Debug   Object Name

       392          6          0          8          0     198649   delay.o
        24          6       1584        101          0       1238   font_16x16.o
       640        104        728          0         48       8153   hp6.o
       916         50          0          0          0       4223   iic.o
       176         12          0          0          0        467   led.o
      1052        262          0         40          0      28553   main.o
      2570        192          0         88         52       8755   mpu6050.o
      1154         72          0          8          0       6865   oled.o
      1098         92          0          0          0       8627   rtc.o
       604        112          0         24         30       2108   sht20.o
        36          8        408          0       1024        848   startup_stm32f411xe.o
       140         28          0          0          0     205110   stm32f4xx_it.o
       160         12          0          0          0       1273   sys.o
       260         34          0          0          0        977   system_stm32f4xx.o
       334         28          0          0          0      29812   usart.o

    ----------------------------------------------------------------------
      9568       1018       2752        272       1160     505658   Object Totals
         0          0         32          0          0          0   (incl. Generated)
        12          0          0          3          6          0   (incl. Padding)

    ----------------------------------------------------------------------

      Code (inc. data)   RO Data    RW Data    ZI Data      Debug   Library Member Name

       122          0          0          0          0        148   sqrt.o
         0          0          0          0          0          0   entry.o
         0          0          0          0          0          0   entry10a.o
         0          0          0          0          0          0   entry11a.o
         8          4          0          0          0          0   entry2.o
         4          0          0          0          0          0   entry5.o
         0          0          0          0          0          0   entry7b.o
         0          0          0          0          0          0   entry8b.o
         8          4          0          0          0          0   entry9a.o
        12          6          0          4          0         68   errno.o
        30          0          0          0          0          0   handlers.o
        36          8          0          0          0         68   init.o
         0          0          0          0          0          0   iusefp.o
        30          0          0          0          0         68   llshl.o
        36          0          0          0          0         68   llsshr.o
        32          0          0          0          0         68   llushr.o
      2308         96          0          0          0        604   printfa.o
         0          0          0          4          0          0   stdout.o
        44          0          0          0          0         80   uidiv.o
        98          0          0          0          0         92   uldiv.o
        48          0          0          0          0         68   cdrcmple.o
        56          0          0          0          0         88   d2f.o
       334          0          0          0          0        148   dadd.o
       222          0          0          0          0        100   ddiv.o
       186          0          0          0          0        176   depilogue.o
        48          0          0          0          0         68   dfixul.o
        26          0          0          0          0         76   dfltui.o
       228          0          0          0          0         96   dmul.o
       162          0          0          0          0        100   dsqrt.o
        38          0          0          0          0         68   f2d.o
       110          0          0          0          0        168   fepilogue.o

    ----------------------------------------------------------------------
      4228        118          0          8          0       2420   Library Totals
         2          0          0          0          0          0   (incl. Padding)

    ----------------------------------------------------------------------

      Code (inc. data)   RO Data    RW Data    ZI Data      Debug   Library Name

       122          0          0          0          0        148   m_wm.l
      2646        118          0          8          0       1116   mc_w.l
      1458          0          0          0          0       1156   mf_w.l

    ----------------------------------------------------------------------
      4228        118          0          8          0       2420   Library Totals

    ----------------------------------------------------------------------

==============================================================================


      Code (inc. data)   RO Data    RW Data    ZI Data      Debug   

     13796       1136       2752        280       1160     500138   Grand Totals
     13796       1136       2752        280       1160     500138   ELF Image Totals
     13796       1136       2752        280          0          0   ROM Totals

==============================================================================

    Total RO  Size (Code + RO Data)                16548 (  16.16kB)
    Total RW  Size (RW Data + ZI Data)              1440 (   1.41kB)
    Total ROM Size (Code + RO Data + RW Data)      16828 (  16.43kB)

==============================================================================

